Archive member included to satisfy reference by file (symbol)

c:/users/nicol/.platformio/packages/toolchain-gccarmnoneeabi/bin/../lib/gcc/arm-none-eabi/7.2.1/../../../../arm-none-eabi/lib/thumb/v7e-m/fpv4-sp/hard\libc_nano.a(lib_a-memcmp.o)
                              .pio\build\bootloader\bootloader\bootloader.o (memcmp)
c:/users/nicol/.platformio/packages/toolchain-gccarmnoneeabi/bin/../lib/gcc/arm-none-eabi/7.2.1/../../../../arm-none-eabi/lib/thumb/v7e-m/fpv4-sp/hard\libc_nano.a(lib_a-memcpy-stub.o)
                              .pio\build\bootloader\bootloader\bootloader.o (memcpy)
c:/users/nicol/.platformio/packages/toolchain-gccarmnoneeabi/bin/../lib/gcc/arm-none-eabi/7.2.1/../../../../arm-none-eabi/lib/thumb/v7e-m/fpv4-sp/hard\libc_nano.a(lib_a-memset.o)
                              .pio\build\bootloader\bootloader\bootloader.o (memset)
.pio\build\bootloader\libFrameworkLibOpenCM3.a(flash_common_f.o)
                              .pio\build\bootloader\bootloader\bl-flash.o (flash_unlock)
.pio\build\bootloader\libFrameworkLibOpenCM3.a(flash_common_f24.o)
                              .pio\build\bootloader\bootloader\bl-flash.o (flash_program)
.pio\build\bootloader\libFrameworkLibOpenCM3.a(gpio_common_all.o)
                              .pio\build\bootloader\bootloader\bootloader.o (gpio_get)
.pio\build\bootloader\libFrameworkLibOpenCM3.a(gpio_common_f0234.o)
                              .pio\build\bootloader\bootloader\bootloader.o (gpio_mode_setup)
.pio\build\bootloader\libFrameworkLibOpenCM3.a(rcc_common_all.o)
                              .pio\build\bootloader\bootloader\bootloader.o (rcc_periph_clock_enable)
.pio\build\bootloader\libFrameworkLibOpenCM3.a(timer_common_all.o)
                              .pio\build\bootloader\bootloader\system.o (timer_enable_irq)
.pio\build\bootloader\libFrameworkLibOpenCM3.a(usart_common_all.o)
                              .pio\build\bootloader\bootloader\uart.o (usart_set_baudrate)
.pio\build\bootloader\libFrameworkLibOpenCM3.a(usart_common_f124.o)
                              .pio\build\bootloader\libFrameworkLibOpenCM3.a(usart_common_all.o) (usart_send)
.pio\build\bootloader\libFrameworkLibOpenCM3.a(vector.o)
                              (reset_handler)
.pio\build\bootloader\libFrameworkLibOpenCM3.a(scb.o)
                              .pio\build\bootloader\bootloader\bootloader.o (scb_reset_core)
.pio\build\bootloader\libFrameworkLibOpenCM3.a(nvic.o)
                              .pio\build\bootloader\bootloader\system.o (nvic_enable_irq)
.pio\build\bootloader\libFrameworkLibOpenCM3.a(flash.o)
                              .pio\build\bootloader\libFrameworkLibOpenCM3.a(flash_common_f24.o) (flash_wait_for_last_operation)
.pio\build\bootloader\libFrameworkLibOpenCM3.a(flash_common_all.o)
                              .pio\build\bootloader\libFrameworkLibOpenCM3.a(flash_common_f24.o) (flash_unlock_option_bytes)
.pio\build\bootloader\libFrameworkLibOpenCM3.a(rcc.o)
                              .pio\build\bootloader\libFrameworkLibOpenCM3.a(usart_common_all.o) (rcc_get_usart_clk_freq)
.pio\build\bootloader\libFrameworkLibOpenCM3.a(flash_common_idcache.o)
                              .pio\build\bootloader\libFrameworkLibOpenCM3.a(rcc.o) (flash_dcache_enable)
.pio\build\bootloader\libFrameworkLibOpenCM3.a(pwr.o)
                              .pio\build\bootloader\libFrameworkLibOpenCM3.a(rcc.o) (pwr_set_vos_scale)

Discarded input sections

 .text          0x00000000        0x0 .pio\build\bootloader\bootloader\aes.o
 .data          0x00000000        0x0 .pio\build\bootloader\bootloader\aes.o
 .bss           0x00000000        0x0 .pio\build\bootloader\bootloader\aes.o
 .text          0x00000000        0x0 .pio\build\bootloader\bootloader\bl-flash.o
 .data          0x00000000        0x0 .pio\build\bootloader\bootloader\bl-flash.o
 .bss           0x00000000        0x0 .pio\build\bootloader\bootloader\bl-flash.o
 .text          0x00000000        0x0 .pio\build\bootloader\bootloader\bootloader.o
 .data          0x00000000        0x0 .pio\build\bootloader\bootloader\bootloader.o
 .bss           0x00000000        0x0 .pio\build\bootloader\bootloader\bootloader.o
 .text          0x00000000        0x0 .pio\build\bootloader\bootloader\comms.o
 .data          0x00000000        0x0 .pio\build\bootloader\bootloader\comms.o
 .bss           0x00000000        0x0 .pio\build\bootloader\bootloader\comms.o
 .text          0x00000000        0x0 .pio\build\bootloader\bootloader\crc.o
 .data          0x00000000        0x0 .pio\build\bootloader\bootloader\crc.o
 .bss           0x00000000        0x0 .pio\build\bootloader\bootloader\crc.o
 .text.crc32    0x00000000       0x38 .pio\build\bootloader\bootloader\crc.o
 .text          0x00000000        0x0 .pio\build\bootloader\bootloader\ring-buffer.o
 .data          0x00000000        0x0 .pio\build\bootloader\bootloader\ring-buffer.o
 .bss           0x00000000        0x0 .pio\build\bootloader\bootloader\ring-buffer.o
 .text          0x00000000        0x0 .pio\build\bootloader\bootloader\simple-timer.o
 .data          0x00000000        0x0 .pio\build\bootloader\bootloader\simple-timer.o
 .bss           0x00000000        0x0 .pio\build\bootloader\bootloader\simple-timer.o
 .text          0x00000000        0x0 .pio\build\bootloader\bootloader\system.o
 .data          0x00000000        0x0 .pio\build\bootloader\bootloader\system.o
 .bss           0x00000000        0x0 .pio\build\bootloader\bootloader\system.o
 .text          0x00000000        0x0 .pio\build\bootloader\bootloader\uart.o
 .data          0x00000000        0x0 .pio\build\bootloader\bootloader\uart.o
 .bss           0x00000000        0x0 .pio\build\bootloader\bootloader\uart.o
 .text          0x00000000        0x0 c:/users/nicol/.platformio/packages/toolchain-gccarmnoneeabi/bin/../lib/gcc/arm-none-eabi/7.2.1/../../../../arm-none-eabi/lib/thumb/v7e-m/fpv4-sp/hard\libc_nano.a(lib_a-memcmp.o)
 .data          0x00000000        0x0 c:/users/nicol/.platformio/packages/toolchain-gccarmnoneeabi/bin/../lib/gcc/arm-none-eabi/7.2.1/../../../../arm-none-eabi/lib/thumb/v7e-m/fpv4-sp/hard\libc_nano.a(lib_a-memcmp.o)
 .bss           0x00000000        0x0 c:/users/nicol/.platformio/packages/toolchain-gccarmnoneeabi/bin/../lib/gcc/arm-none-eabi/7.2.1/../../../../arm-none-eabi/lib/thumb/v7e-m/fpv4-sp/hard\libc_nano.a(lib_a-memcmp.o)
 .text          0x00000000        0x0 c:/users/nicol/.platformio/packages/toolchain-gccarmnoneeabi/bin/../lib/gcc/arm-none-eabi/7.2.1/../../../../arm-none-eabi/lib/thumb/v7e-m/fpv4-sp/hard\libc_nano.a(lib_a-memcpy-stub.o)
 .data          0x00000000        0x0 c:/users/nicol/.platformio/packages/toolchain-gccarmnoneeabi/bin/../lib/gcc/arm-none-eabi/7.2.1/../../../../arm-none-eabi/lib/thumb/v7e-m/fpv4-sp/hard\libc_nano.a(lib_a-memcpy-stub.o)
 .bss           0x00000000        0x0 c:/users/nicol/.platformio/packages/toolchain-gccarmnoneeabi/bin/../lib/gcc/arm-none-eabi/7.2.1/../../../../arm-none-eabi/lib/thumb/v7e-m/fpv4-sp/hard\libc_nano.a(lib_a-memcpy-stub.o)
 .text          0x00000000        0x0 c:/users/nicol/.platformio/packages/toolchain-gccarmnoneeabi/bin/../lib/gcc/arm-none-eabi/7.2.1/../../../../arm-none-eabi/lib/thumb/v7e-m/fpv4-sp/hard\libc_nano.a(lib_a-memset.o)
 .data          0x00000000        0x0 c:/users/nicol/.platformio/packages/toolchain-gccarmnoneeabi/bin/../lib/gcc/arm-none-eabi/7.2.1/../../../../arm-none-eabi/lib/thumb/v7e-m/fpv4-sp/hard\libc_nano.a(lib_a-memset.o)
 .bss           0x00000000        0x0 c:/users/nicol/.platformio/packages/toolchain-gccarmnoneeabi/bin/../lib/gcc/arm-none-eabi/7.2.1/../../../../arm-none-eabi/lib/thumb/v7e-m/fpv4-sp/hard\libc_nano.a(lib_a-memset.o)
 .text          0x00000000        0x0 .pio\build\bootloader\libFrameworkLibOpenCM3.a(flash_common_f.o)
 .data          0x00000000        0x0 .pio\build\bootloader\libFrameworkLibOpenCM3.a(flash_common_f.o)
 .bss           0x00000000        0x0 .pio\build\bootloader\libFrameworkLibOpenCM3.a(flash_common_f.o)
 .text.flash_clear_eop_flag
                0x00000000       0x10 .pio\build\bootloader\libFrameworkLibOpenCM3.a(flash_common_f.o)
 .text          0x00000000        0x0 .pio\build\bootloader\libFrameworkLibOpenCM3.a(flash_common_f24.o)
 .data          0x00000000        0x0 .pio\build\bootloader\libFrameworkLibOpenCM3.a(flash_common_f24.o)
 .bss           0x00000000        0x0 .pio\build\bootloader\libFrameworkLibOpenCM3.a(flash_common_f24.o)
 .text.flash_clear_pgaerr_flag
                0x00000000       0x10 .pio\build\bootloader\libFrameworkLibOpenCM3.a(flash_common_f24.o)
 .text.flash_clear_pgperr_flag
                0x00000000       0x10 .pio\build\bootloader\libFrameworkLibOpenCM3.a(flash_common_f24.o)
 .text.flash_clear_wrperr_flag
                0x00000000       0x10 .pio\build\bootloader\libFrameworkLibOpenCM3.a(flash_common_f24.o)
 .text.flash_lock_option_bytes
                0x00000000       0x10 .pio\build\bootloader\libFrameworkLibOpenCM3.a(flash_common_f24.o)
 .text.flash_program_double_word
                0x00000000       0x3c .pio\build\bootloader\libFrameworkLibOpenCM3.a(flash_common_f24.o)
 .text.flash_program_word
                0x00000000       0x38 .pio\build\bootloader\libFrameworkLibOpenCM3.a(flash_common_f24.o)
 .text.flash_program_half_word
                0x00000000       0x38 .pio\build\bootloader\libFrameworkLibOpenCM3.a(flash_common_f24.o)
 .text.flash_erase_all_sectors
                0x00000000       0x3c .pio\build\bootloader\libFrameworkLibOpenCM3.a(flash_common_f24.o)
 .text.flash_program_option_bytes
                0x00000000       0x34 .pio\build\bootloader\libFrameworkLibOpenCM3.a(flash_common_f24.o)
 .text          0x00000000        0x0 .pio\build\bootloader\libFrameworkLibOpenCM3.a(gpio_common_all.o)
 .data          0x00000000        0x0 .pio\build\bootloader\libFrameworkLibOpenCM3.a(gpio_common_all.o)
 .bss           0x00000000        0x0 .pio\build\bootloader\libFrameworkLibOpenCM3.a(gpio_common_all.o)
 .text.gpio_set
                0x00000000        0x4 .pio\build\bootloader\libFrameworkLibOpenCM3.a(gpio_common_all.o)
 .text.gpio_clear
                0x00000000        0x6 .pio\build\bootloader\libFrameworkLibOpenCM3.a(gpio_common_all.o)
 .text.gpio_toggle
                0x00000000       0x12 .pio\build\bootloader\libFrameworkLibOpenCM3.a(gpio_common_all.o)
 .text.gpio_port_write
                0x00000000        0x4 .pio\build\bootloader\libFrameworkLibOpenCM3.a(gpio_common_all.o)
 .text.gpio_port_config_lock
                0x00000000       0x10 .pio\build\bootloader\libFrameworkLibOpenCM3.a(gpio_common_all.o)
 .text          0x00000000        0x0 .pio\build\bootloader\libFrameworkLibOpenCM3.a(gpio_common_f0234.o)
 .data          0x00000000        0x0 .pio\build\bootloader\libFrameworkLibOpenCM3.a(gpio_common_f0234.o)
 .bss           0x00000000        0x0 .pio\build\bootloader\libFrameworkLibOpenCM3.a(gpio_common_f0234.o)
 .text          0x00000000        0x0 .pio\build\bootloader\libFrameworkLibOpenCM3.a(rcc_common_all.o)
 .data          0x00000000        0x0 .pio\build\bootloader\libFrameworkLibOpenCM3.a(rcc_common_all.o)
 .bss           0x00000000        0x0 .pio\build\bootloader\libFrameworkLibOpenCM3.a(rcc_common_all.o)
 .text.rcc_peripheral_enable_clock
                0x00000000        0x8 .pio\build\bootloader\libFrameworkLibOpenCM3.a(rcc_common_all.o)
 .text.rcc_peripheral_disable_clock
                0x00000000        0xa .pio\build\bootloader\libFrameworkLibOpenCM3.a(rcc_common_all.o)
 .text.rcc_peripheral_reset
                0x00000000        0x8 .pio\build\bootloader\libFrameworkLibOpenCM3.a(rcc_common_all.o)
 .text.rcc_peripheral_clear_reset
                0x00000000        0xa .pio\build\bootloader\libFrameworkLibOpenCM3.a(rcc_common_all.o)
 .text.rcc_periph_reset_hold
                0x00000000       0x1c .pio\build\bootloader\libFrameworkLibOpenCM3.a(rcc_common_all.o)
 .text.rcc_periph_reset_release
                0x00000000       0x1e .pio\build\bootloader\libFrameworkLibOpenCM3.a(rcc_common_all.o)
 .text.rcc_set_mco
                0x00000000       0x14 .pio\build\bootloader\libFrameworkLibOpenCM3.a(rcc_common_all.o)
 .text.rcc_osc_bypass_enable
                0x00000000       0x2c .pio\build\bootloader\libFrameworkLibOpenCM3.a(rcc_common_all.o)
 .text.rcc_osc_bypass_disable
                0x00000000       0x2c .pio\build\bootloader\libFrameworkLibOpenCM3.a(rcc_common_all.o)
 .text.rcc_get_div_from_hpre
                0x00000000       0x24 .pio\build\bootloader\libFrameworkLibOpenCM3.a(rcc_common_all.o)
 .text          0x00000000        0x0 .pio\build\bootloader\libFrameworkLibOpenCM3.a(timer_common_all.o)
 .data          0x00000000        0x0 .pio\build\bootloader\libFrameworkLibOpenCM3.a(timer_common_all.o)
 .bss           0x00000000        0x0 .pio\build\bootloader\libFrameworkLibOpenCM3.a(timer_common_all.o)
 .text.timer_interrupt_source
                0x00000000       0x1a .pio\build\bootloader\libFrameworkLibOpenCM3.a(timer_common_all.o)
 .text.timer_get_flag
                0x00000000        0xe .pio\build\bootloader\libFrameworkLibOpenCM3.a(timer_common_all.o)
 .text.timer_clear_flag
                0x00000000        0x6 .pio\build\bootloader\libFrameworkLibOpenCM3.a(timer_common_all.o)
 .text.timer_set_mode
                0x00000000       0x16 .pio\build\bootloader\libFrameworkLibOpenCM3.a(timer_common_all.o)
 .text.timer_set_clock_division
                0x00000000       0x14 .pio\build\bootloader\libFrameworkLibOpenCM3.a(timer_common_all.o)
 .text.timer_enable_preload
                0x00000000        0xa .pio\build\bootloader\libFrameworkLibOpenCM3.a(timer_common_all.o)
 .text.timer_disable_preload
                0x00000000        0xa .pio\build\bootloader\libFrameworkLibOpenCM3.a(timer_common_all.o)
 .text.timer_set_alignment
                0x00000000       0x14 .pio\build\bootloader\libFrameworkLibOpenCM3.a(timer_common_all.o)
 .text.timer_direction_up
                0x00000000        0xa .pio\build\bootloader\libFrameworkLibOpenCM3.a(timer_common_all.o)
 .text.timer_direction_down
                0x00000000        0xa .pio\build\bootloader\libFrameworkLibOpenCM3.a(timer_common_all.o)
 .text.timer_one_shot_mode
                0x00000000        0xa .pio\build\bootloader\libFrameworkLibOpenCM3.a(timer_common_all.o)
 .text.timer_continuous_mode
                0x00000000        0xa .pio\build\bootloader\libFrameworkLibOpenCM3.a(timer_common_all.o)
 .text.timer_update_on_any
                0x00000000        0xa .pio\build\bootloader\libFrameworkLibOpenCM3.a(timer_common_all.o)
 .text.timer_update_on_overflow
                0x00000000        0xa .pio\build\bootloader\libFrameworkLibOpenCM3.a(timer_common_all.o)
 .text.timer_enable_update_event
                0x00000000        0xa .pio\build\bootloader\libFrameworkLibOpenCM3.a(timer_common_all.o)
 .text.timer_disable_update_event
                0x00000000        0xa .pio\build\bootloader\libFrameworkLibOpenCM3.a(timer_common_all.o)
 .text.timer_set_output_idle_state
                0x00000000        0xc .pio\build\bootloader\libFrameworkLibOpenCM3.a(timer_common_all.o)
 .text.timer_reset_output_idle_state
                0x00000000        0xe .pio\build\bootloader\libFrameworkLibOpenCM3.a(timer_common_all.o)
 .text.timer_set_ti1_ch123_xor
                0x00000000        0xa .pio\build\bootloader\libFrameworkLibOpenCM3.a(timer_common_all.o)
 .text.timer_set_ti1_ch1
                0x00000000        0xa .pio\build\bootloader\libFrameworkLibOpenCM3.a(timer_common_all.o)
 .text.timer_set_master_mode
                0x00000000       0x10 .pio\build\bootloader\libFrameworkLibOpenCM3.a(timer_common_all.o)
 .text.timer_set_dma_on_compare_event
                0x00000000        0xa .pio\build\bootloader\libFrameworkLibOpenCM3.a(timer_common_all.o)
 .text.timer_set_dma_on_update_event
                0x00000000        0xa .pio\build\bootloader\libFrameworkLibOpenCM3.a(timer_common_all.o)
 .text.timer_enable_compare_control_update_on_trigger
                0x00000000        0xa .pio\build\bootloader\libFrameworkLibOpenCM3.a(timer_common_all.o)
 .text.timer_disable_compare_control_update_on_trigger
                0x00000000        0xa .pio\build\bootloader\libFrameworkLibOpenCM3.a(timer_common_all.o)
 .text.timer_enable_preload_complementry_enable_bits
                0x00000000        0xa .pio\build\bootloader\libFrameworkLibOpenCM3.a(timer_common_all.o)
 .text.timer_disable_preload_complementry_enable_bits
                0x00000000        0xa .pio\build\bootloader\libFrameworkLibOpenCM3.a(timer_common_all.o)
 .text.timer_set_repetition_counter
                0x00000000        0x4 .pio\build\bootloader\libFrameworkLibOpenCM3.a(timer_common_all.o)
 .text.timer_enable_oc_clear
                0x00000000       0x38 .pio\build\bootloader\libFrameworkLibOpenCM3.a(timer_common_all.o)
 .text.timer_disable_oc_clear
                0x00000000       0x38 .pio\build\bootloader\libFrameworkLibOpenCM3.a(timer_common_all.o)
 .text.timer_set_oc_fast_mode
                0x00000000       0x38 .pio\build\bootloader\libFrameworkLibOpenCM3.a(timer_common_all.o)
 .text.timer_set_oc_slow_mode
                0x00000000       0x38 .pio\build\bootloader\libFrameworkLibOpenCM3.a(timer_common_all.o)
 .text.timer_set_oc_mode
                0x00000000      0x1dc .pio\build\bootloader\libFrameworkLibOpenCM3.a(timer_common_all.o)
 .text.timer_enable_oc_preload
                0x00000000       0x38 .pio\build\bootloader\libFrameworkLibOpenCM3.a(timer_common_all.o)
 .text.timer_disable_oc_preload
                0x00000000       0x38 .pio\build\bootloader\libFrameworkLibOpenCM3.a(timer_common_all.o)
 .text.timer_set_oc_polarity_high
                0x00000000       0x56 .pio\build\bootloader\libFrameworkLibOpenCM3.a(timer_common_all.o)
 .text.timer_set_oc_polarity_low
                0x00000000       0x56 .pio\build\bootloader\libFrameworkLibOpenCM3.a(timer_common_all.o)
 .text.timer_enable_oc_output
                0x00000000       0x56 .pio\build\bootloader\libFrameworkLibOpenCM3.a(timer_common_all.o)
 .text.timer_disable_oc_output
                0x00000000       0x56 .pio\build\bootloader\libFrameworkLibOpenCM3.a(timer_common_all.o)
 .text.timer_set_oc_idle_state_set
                0x00000000       0x56 .pio\build\bootloader\libFrameworkLibOpenCM3.a(timer_common_all.o)
 .text.timer_set_oc_idle_state_unset
                0x00000000       0x56 .pio\build\bootloader\libFrameworkLibOpenCM3.a(timer_common_all.o)
 .text.timer_set_oc_value
                0x00000000       0x20 .pio\build\bootloader\libFrameworkLibOpenCM3.a(timer_common_all.o)
 .text.timer_enable_break_main_output
                0x00000000        0xa .pio\build\bootloader\libFrameworkLibOpenCM3.a(timer_common_all.o)
 .text.timer_disable_break_main_output
                0x00000000        0xa .pio\build\bootloader\libFrameworkLibOpenCM3.a(timer_common_all.o)
 .text.timer_enable_break_automatic_output
                0x00000000        0xa .pio\build\bootloader\libFrameworkLibOpenCM3.a(timer_common_all.o)
 .text.timer_disable_break_automatic_output
                0x00000000        0xa .pio\build\bootloader\libFrameworkLibOpenCM3.a(timer_common_all.o)
 .text.timer_set_break_polarity_high
                0x00000000        0xa .pio\build\bootloader\libFrameworkLibOpenCM3.a(timer_common_all.o)
 .text.timer_set_break_polarity_low
                0x00000000        0xa .pio\build\bootloader\libFrameworkLibOpenCM3.a(timer_common_all.o)
 .text.timer_enable_break
                0x00000000        0xa .pio\build\bootloader\libFrameworkLibOpenCM3.a(timer_common_all.o)
 .text.timer_disable_break
                0x00000000        0xa .pio\build\bootloader\libFrameworkLibOpenCM3.a(timer_common_all.o)
 .text.timer_set_enabled_off_state_in_run_mode
                0x00000000        0xa .pio\build\bootloader\libFrameworkLibOpenCM3.a(timer_common_all.o)
 .text.timer_set_disabled_off_state_in_run_mode
                0x00000000        0xa .pio\build\bootloader\libFrameworkLibOpenCM3.a(timer_common_all.o)
 .text.timer_set_enabled_off_state_in_idle_mode
                0x00000000        0xa .pio\build\bootloader\libFrameworkLibOpenCM3.a(timer_common_all.o)
 .text.timer_set_disabled_off_state_in_idle_mode
                0x00000000        0xa .pio\build\bootloader\libFrameworkLibOpenCM3.a(timer_common_all.o)
 .text.timer_set_break_lock
                0x00000000        0x8 .pio\build\bootloader\libFrameworkLibOpenCM3.a(timer_common_all.o)
 .text.timer_set_deadtime
                0x00000000        0x8 .pio\build\bootloader\libFrameworkLibOpenCM3.a(timer_common_all.o)
 .text.timer_generate_event
                0x00000000        0x8 .pio\build\bootloader\libFrameworkLibOpenCM3.a(timer_common_all.o)
 .text.timer_get_counter
                0x00000000        0x4 .pio\build\bootloader\libFrameworkLibOpenCM3.a(timer_common_all.o)
 .text.timer_set_counter
                0x00000000        0x4 .pio\build\bootloader\libFrameworkLibOpenCM3.a(timer_common_all.o)
 .text.timer_ic_set_filter
                0x00000000       0x54 .pio\build\bootloader\libFrameworkLibOpenCM3.a(timer_common_all.o)
 .text.timer_ic_set_prescaler
                0x00000000       0x54 .pio\build\bootloader\libFrameworkLibOpenCM3.a(timer_common_all.o)
 .text.timer_ic_set_input
                0x00000000       0x72 .pio\build\bootloader\libFrameworkLibOpenCM3.a(timer_common_all.o)
 .text.timer_ic_enable
                0x00000000       0x10 .pio\build\bootloader\libFrameworkLibOpenCM3.a(timer_common_all.o)
 .text.timer_ic_disable
                0x00000000       0x12 .pio\build\bootloader\libFrameworkLibOpenCM3.a(timer_common_all.o)
 .text.timer_slave_set_filter
                0x00000000       0x12 .pio\build\bootloader\libFrameworkLibOpenCM3.a(timer_common_all.o)
 .text.timer_slave_set_prescaler
                0x00000000       0x12 .pio\build\bootloader\libFrameworkLibOpenCM3.a(timer_common_all.o)
 .text.timer_slave_set_polarity
                0x00000000       0x16 .pio\build\bootloader\libFrameworkLibOpenCM3.a(timer_common_all.o)
 .text.timer_slave_set_mode
                0x00000000       0x10 .pio\build\bootloader\libFrameworkLibOpenCM3.a(timer_common_all.o)
 .text.timer_slave_set_trigger
                0x00000000       0x10 .pio\build\bootloader\libFrameworkLibOpenCM3.a(timer_common_all.o)
 .text.timer_slave_set_extclockmode2
                0x00000000       0x16 .pio\build\bootloader\libFrameworkLibOpenCM3.a(timer_common_all.o)
 .text          0x00000000        0x0 .pio\build\bootloader\libFrameworkLibOpenCM3.a(usart_common_all.o)
 .data          0x00000000        0x0 .pio\build\bootloader\libFrameworkLibOpenCM3.a(usart_common_all.o)
 .bss           0x00000000        0x0 .pio\build\bootloader\libFrameworkLibOpenCM3.a(usart_common_all.o)
 .text.usart_get_databits
                0x00000000       0x10 .pio\build\bootloader\libFrameworkLibOpenCM3.a(usart_common_all.o)
 .text.usart_get_stopbits
                0x00000000        0x8 .pio\build\bootloader\libFrameworkLibOpenCM3.a(usart_common_all.o)
 .text.usart_get_parity
                0x00000000        0x8 .pio\build\bootloader\libFrameworkLibOpenCM3.a(usart_common_all.o)
 .text.usart_recv_blocking
                0x00000000       0x10 .pio\build\bootloader\libFrameworkLibOpenCM3.a(usart_common_all.o)
 .text.usart_enable_rx_dma
                0x00000000        0xa .pio\build\bootloader\libFrameworkLibOpenCM3.a(usart_common_all.o)
 .text.usart_disable_rx_dma
                0x00000000        0xa .pio\build\bootloader\libFrameworkLibOpenCM3.a(usart_common_all.o)
 .text.usart_enable_tx_dma
                0x00000000        0xa .pio\build\bootloader\libFrameworkLibOpenCM3.a(usart_common_all.o)
 .text.usart_disable_tx_dma
                0x00000000        0xa .pio\build\bootloader\libFrameworkLibOpenCM3.a(usart_common_all.o)
 .text.usart_enable_tx_interrupt
                0x00000000        0xa .pio\build\bootloader\libFrameworkLibOpenCM3.a(usart_common_all.o)
 .text.usart_disable_tx_interrupt
                0x00000000        0xa .pio\build\bootloader\libFrameworkLibOpenCM3.a(usart_common_all.o)
 .text.usart_enable_tx_complete_interrupt
                0x00000000        0xa .pio\build\bootloader\libFrameworkLibOpenCM3.a(usart_common_all.o)
 .text.usart_disable_tx_complete_interrupt
                0x00000000        0xa .pio\build\bootloader\libFrameworkLibOpenCM3.a(usart_common_all.o)
 .text.usart_enable_idle_interrupt
                0x00000000        0xa .pio\build\bootloader\libFrameworkLibOpenCM3.a(usart_common_all.o)
 .text.usart_disable_idle_interrupt
                0x00000000        0xa .pio\build\bootloader\libFrameworkLibOpenCM3.a(usart_common_all.o)
 .text.usart_enable_error_interrupt
                0x00000000        0xa .pio\build\bootloader\libFrameworkLibOpenCM3.a(usart_common_all.o)
 .text.usart_disable_error_interrupt
                0x00000000        0xa .pio\build\bootloader\libFrameworkLibOpenCM3.a(usart_common_all.o)
 .text          0x00000000        0x0 .pio\build\bootloader\libFrameworkLibOpenCM3.a(usart_common_f124.o)
 .data          0x00000000        0x0 .pio\build\bootloader\libFrameworkLibOpenCM3.a(usart_common_f124.o)
 .bss           0x00000000        0x0 .pio\build\bootloader\libFrameworkLibOpenCM3.a(usart_common_f124.o)
 .text.usart_wait_recv_ready
                0x00000000        0xa .pio\build\bootloader\libFrameworkLibOpenCM3.a(usart_common_f124.o)
 .text          0x00000000        0x0 .pio\build\bootloader\libFrameworkLibOpenCM3.a(vector.o)
 .data          0x00000000        0x0 .pio\build\bootloader\libFrameworkLibOpenCM3.a(vector.o)
 .bss           0x00000000        0x0 .pio\build\bootloader\libFrameworkLibOpenCM3.a(vector.o)
 .text          0x00000000        0x0 .pio\build\bootloader\libFrameworkLibOpenCM3.a(scb.o)
 .data          0x00000000        0x0 .pio\build\bootloader\libFrameworkLibOpenCM3.a(scb.o)
 .bss           0x00000000        0x0 .pio\build\bootloader\libFrameworkLibOpenCM3.a(scb.o)
 .text.scb_reset_system
                0x00000000       0x10 .pio\build\bootloader\libFrameworkLibOpenCM3.a(scb.o)
 .text.scb_set_priority_grouping
                0x00000000       0x14 .pio\build\bootloader\libFrameworkLibOpenCM3.a(scb.o)
 .text          0x00000000        0x0 .pio\build\bootloader\libFrameworkLibOpenCM3.a(nvic.o)
 .data          0x00000000        0x0 .pio\build\bootloader\libFrameworkLibOpenCM3.a(nvic.o)
 .bss           0x00000000        0x0 .pio\build\bootloader\libFrameworkLibOpenCM3.a(nvic.o)
 .text.nvic_get_pending_irq
                0x00000000       0x22 .pio\build\bootloader\libFrameworkLibOpenCM3.a(nvic.o)
 .text.nvic_set_pending_irq
                0x00000000       0x18 .pio\build\bootloader\libFrameworkLibOpenCM3.a(nvic.o)
 .text.nvic_clear_pending_irq
                0x00000000       0x18 .pio\build\bootloader\libFrameworkLibOpenCM3.a(nvic.o)
 .text.nvic_get_irq_enabled
                0x00000000       0x22 .pio\build\bootloader\libFrameworkLibOpenCM3.a(nvic.o)
 .text.nvic_set_priority
                0x00000000       0x20 .pio\build\bootloader\libFrameworkLibOpenCM3.a(nvic.o)
 .text.nvic_get_active_irq
                0x00000000       0x22 .pio\build\bootloader\libFrameworkLibOpenCM3.a(nvic.o)
 .text.nvic_generate_software_interrupt
                0x00000000       0x14 .pio\build\bootloader\libFrameworkLibOpenCM3.a(nvic.o)
 .text          0x00000000        0x0 .pio\build\bootloader\libFrameworkLibOpenCM3.a(flash.o)
 .data          0x00000000        0x0 .pio\build\bootloader\libFrameworkLibOpenCM3.a(flash.o)
 .bss           0x00000000        0x0 .pio\build\bootloader\libFrameworkLibOpenCM3.a(flash.o)
 .text.flash_clear_pgserr_flag
                0x00000000       0x10 .pio\build\bootloader\libFrameworkLibOpenCM3.a(flash.o)
 .text.flash_clear_status_flags
                0x00000000       0x18 .pio\build\bootloader\libFrameworkLibOpenCM3.a(flash.o)
 .text          0x00000000        0x0 .pio\build\bootloader\libFrameworkLibOpenCM3.a(flash_common_all.o)
 .data          0x00000000        0x0 .pio\build\bootloader\libFrameworkLibOpenCM3.a(flash_common_all.o)
 .bss           0x00000000        0x0 .pio\build\bootloader\libFrameworkLibOpenCM3.a(flash_common_all.o)
 .text.flash_prefetch_enable
                0x00000000       0x10 .pio\build\bootloader\libFrameworkLibOpenCM3.a(flash_common_all.o)
 .text.flash_prefetch_disable
                0x00000000       0x10 .pio\build\bootloader\libFrameworkLibOpenCM3.a(flash_common_all.o)
 .text.flash_set_ws
                0x00000000       0x14 .pio\build\bootloader\libFrameworkLibOpenCM3.a(flash_common_all.o)
 .text.flash_unlock_option_bytes
                0x00000000       0x18 .pio\build\bootloader\libFrameworkLibOpenCM3.a(flash_common_all.o)
 .debug_info    0x00000000       0xe8 .pio\build\bootloader\libFrameworkLibOpenCM3.a(flash_common_all.o)
 .debug_abbrev  0x00000000       0x87 .pio\build\bootloader\libFrameworkLibOpenCM3.a(flash_common_all.o)
 .debug_loc     0x00000000       0x3f .pio\build\bootloader\libFrameworkLibOpenCM3.a(flash_common_all.o)
 .debug_aranges
                0x00000000       0x38 .pio\build\bootloader\libFrameworkLibOpenCM3.a(flash_common_all.o)
 .debug_ranges  0x00000000       0x28 .pio\build\bootloader\libFrameworkLibOpenCM3.a(flash_common_all.o)
 .debug_line    0x00000000      0x198 .pio\build\bootloader\libFrameworkLibOpenCM3.a(flash_common_all.o)
 .debug_str     0x00000000      0x24f .pio\build\bootloader\libFrameworkLibOpenCM3.a(flash_common_all.o)
 .comment       0x00000000       0x7f .pio\build\bootloader\libFrameworkLibOpenCM3.a(flash_common_all.o)
 .debug_frame   0x00000000       0x50 .pio\build\bootloader\libFrameworkLibOpenCM3.a(flash_common_all.o)
 .ARM.attributes
                0x00000000       0x39 .pio\build\bootloader\libFrameworkLibOpenCM3.a(flash_common_all.o)
 .text          0x00000000        0x0 .pio\build\bootloader\libFrameworkLibOpenCM3.a(rcc.o)
 .data          0x00000000        0x0 .pio\build\bootloader\libFrameworkLibOpenCM3.a(rcc.o)
 .bss           0x00000000        0x0 .pio\build\bootloader\libFrameworkLibOpenCM3.a(rcc.o)
 .text.rcc_osc_ready_int_clear
                0x00000000       0x68 .pio\build\bootloader\libFrameworkLibOpenCM3.a(rcc.o)
 .text.rcc_osc_ready_int_enable
                0x00000000       0x68 .pio\build\bootloader\libFrameworkLibOpenCM3.a(rcc.o)
 .text.rcc_osc_ready_int_disable
                0x00000000       0x68 .pio\build\bootloader\libFrameworkLibOpenCM3.a(rcc.o)
 .text.rcc_osc_ready_int_flag
                0x00000000       0x60 .pio\build\bootloader\libFrameworkLibOpenCM3.a(rcc.o)
 .text.rcc_css_int_clear
                0x00000000       0x10 .pio\build\bootloader\libFrameworkLibOpenCM3.a(rcc.o)
 .text.rcc_css_int_flag
                0x00000000       0x10 .pio\build\bootloader\libFrameworkLibOpenCM3.a(rcc.o)
 .text.rcc_is_osc_ready
                0x00000000       0x68 .pio\build\bootloader\libFrameworkLibOpenCM3.a(rcc.o)
 .text.rcc_wait_for_osc_ready
                0x00000000       0x10 .pio\build\bootloader\libFrameworkLibOpenCM3.a(rcc.o)
 .text.rcc_wait_for_sysclk_status
                0x00000000       0x38 .pio\build\bootloader\libFrameworkLibOpenCM3.a(rcc.o)
 .text.rcc_osc_on
                0x00000000       0x70 .pio\build\bootloader\libFrameworkLibOpenCM3.a(rcc.o)
 .text.rcc_osc_off
                0x00000000       0x70 .pio\build\bootloader\libFrameworkLibOpenCM3.a(rcc.o)
 .text.rcc_css_enable
                0x00000000       0x10 .pio\build\bootloader\libFrameworkLibOpenCM3.a(rcc.o)
 .text.rcc_css_disable
                0x00000000       0x10 .pio\build\bootloader\libFrameworkLibOpenCM3.a(rcc.o)
 .text.rcc_plli2s_config
                0x00000000       0x1c .pio\build\bootloader\libFrameworkLibOpenCM3.a(rcc.o)
 .text.rcc_pllsai_config
                0x00000000       0x30 .pio\build\bootloader\libFrameworkLibOpenCM3.a(rcc.o)
 .text.rcc_pllsai_postscalers
                0x00000000       0x24 .pio\build\bootloader\libFrameworkLibOpenCM3.a(rcc.o)
 .text.rcc_set_sysclk_source
                0x00000000       0x14 .pio\build\bootloader\libFrameworkLibOpenCM3.a(rcc.o)
 .text.rcc_set_pll_source
                0x00000000       0x14 .pio\build\bootloader\libFrameworkLibOpenCM3.a(rcc.o)
 .text.rcc_set_ppre2
                0x00000000       0x14 .pio\build\bootloader\libFrameworkLibOpenCM3.a(rcc.o)
 .text.rcc_set_ppre1
                0x00000000       0x14 .pio\build\bootloader\libFrameworkLibOpenCM3.a(rcc.o)
 .text.rcc_set_hpre
                0x00000000       0x14 .pio\build\bootloader\libFrameworkLibOpenCM3.a(rcc.o)
 .text.rcc_set_rtcpre
                0x00000000       0x14 .pio\build\bootloader\libFrameworkLibOpenCM3.a(rcc.o)
 .text.rcc_set_main_pll_hsi
                0x00000000       0x44 .pio\build\bootloader\libFrameworkLibOpenCM3.a(rcc.o)
 .text.rcc_set_main_pll_hse
                0x00000000       0x48 .pio\build\bootloader\libFrameworkLibOpenCM3.a(rcc.o)
 .text.rcc_system_clock_source
                0x00000000       0x10 .pio\build\bootloader\libFrameworkLibOpenCM3.a(rcc.o)
 .text.rcc_clock_setup_pll
                0x00000000       0xec .pio\build\bootloader\libFrameworkLibOpenCM3.a(rcc.o)
 .text.rcc_clock_setup_hse_3v3
                0x00000000        0x8 .pio\build\bootloader\libFrameworkLibOpenCM3.a(rcc.o)
 .text.rcc_get_timer_clk_freq
                0x00000000       0x48 .pio\build\bootloader\libFrameworkLibOpenCM3.a(rcc.o)
 .text.rcc_get_i2c_clk_freq
                0x00000000        0xc .pio\build\bootloader\libFrameworkLibOpenCM3.a(rcc.o)
 .text.rcc_get_spi_clk_freq
                0x00000000       0x28 .pio\build\bootloader\libFrameworkLibOpenCM3.a(rcc.o)
 .data.rcc_ahb_frequency
                0x00000000        0x4 .pio\build\bootloader\libFrameworkLibOpenCM3.a(rcc.o)
 .rodata.rcc_hse_12mhz_3v3
                0x00000000       0x70 .pio\build\bootloader\libFrameworkLibOpenCM3.a(rcc.o)
 .rodata.rcc_hse_16mhz_3v3
                0x00000000       0x70 .pio\build\bootloader\libFrameworkLibOpenCM3.a(rcc.o)
 .rodata.rcc_hse_25mhz_3v3
                0x00000000       0x70 .pio\build\bootloader\libFrameworkLibOpenCM3.a(rcc.o)
 .rodata.rcc_hse_8mhz_3v3
                0x00000000       0x70 .pio\build\bootloader\libFrameworkLibOpenCM3.a(rcc.o)
 .rodata.rcc_hsi_configs
                0x00000000       0x70 .pio\build\bootloader\libFrameworkLibOpenCM3.a(rcc.o)
 .text          0x00000000        0x0 .pio\build\bootloader\libFrameworkLibOpenCM3.a(flash_common_idcache.o)
 .data          0x00000000        0x0 .pio\build\bootloader\libFrameworkLibOpenCM3.a(flash_common_idcache.o)
 .bss           0x00000000        0x0 .pio\build\bootloader\libFrameworkLibOpenCM3.a(flash_common_idcache.o)
 .text.flash_dcache_enable
                0x00000000       0x10 .pio\build\bootloader\libFrameworkLibOpenCM3.a(flash_common_idcache.o)
 .text.flash_dcache_disable
                0x00000000       0x10 .pio\build\bootloader\libFrameworkLibOpenCM3.a(flash_common_idcache.o)
 .text.flash_icache_enable
                0x00000000       0x10 .pio\build\bootloader\libFrameworkLibOpenCM3.a(flash_common_idcache.o)
 .text.flash_icache_disable
                0x00000000       0x10 .pio\build\bootloader\libFrameworkLibOpenCM3.a(flash_common_idcache.o)
 .text.flash_dcache_reset
                0x00000000       0x10 .pio\build\bootloader\libFrameworkLibOpenCM3.a(flash_common_idcache.o)
 .text.flash_icache_reset
                0x00000000       0x10 .pio\build\bootloader\libFrameworkLibOpenCM3.a(flash_common_idcache.o)
 .debug_info    0x00000000       0xe8 .pio\build\bootloader\libFrameworkLibOpenCM3.a(flash_common_idcache.o)
 .debug_abbrev  0x00000000       0x4f .pio\build\bootloader\libFrameworkLibOpenCM3.a(flash_common_idcache.o)
 .debug_aranges
                0x00000000       0x48 .pio\build\bootloader\libFrameworkLibOpenCM3.a(flash_common_idcache.o)
 .debug_ranges  0x00000000       0x38 .pio\build\bootloader\libFrameworkLibOpenCM3.a(flash_common_idcache.o)
 .debug_line    0x00000000      0x1ba .pio\build\bootloader\libFrameworkLibOpenCM3.a(flash_common_idcache.o)
 .debug_str     0x00000000      0x271 .pio\build\bootloader\libFrameworkLibOpenCM3.a(flash_common_idcache.o)
 .comment       0x00000000       0x7f .pio\build\bootloader\libFrameworkLibOpenCM3.a(flash_common_idcache.o)
 .debug_frame   0x00000000       0x70 .pio\build\bootloader\libFrameworkLibOpenCM3.a(flash_common_idcache.o)
 .ARM.attributes
                0x00000000       0x39 .pio\build\bootloader\libFrameworkLibOpenCM3.a(flash_common_idcache.o)
 .text          0x00000000        0x0 .pio\build\bootloader\libFrameworkLibOpenCM3.a(pwr.o)
 .data          0x00000000        0x0 .pio\build\bootloader\libFrameworkLibOpenCM3.a(pwr.o)
 .bss           0x00000000        0x0 .pio\build\bootloader\libFrameworkLibOpenCM3.a(pwr.o)
 .text.pwr_set_vos_scale
                0x00000000       0x18 .pio\build\bootloader\libFrameworkLibOpenCM3.a(pwr.o)
 .debug_info    0x00000000       0xd6 .pio\build\bootloader\libFrameworkLibOpenCM3.a(pwr.o)
 .debug_abbrev  0x00000000       0x89 .pio\build\bootloader\libFrameworkLibOpenCM3.a(pwr.o)
 .debug_loc     0x00000000       0x3f .pio\build\bootloader\libFrameworkLibOpenCM3.a(pwr.o)
 .debug_aranges
                0x00000000       0x20 .pio\build\bootloader\libFrameworkLibOpenCM3.a(pwr.o)
 .debug_ranges  0x00000000       0x10 .pio\build\bootloader\libFrameworkLibOpenCM3.a(pwr.o)
 .debug_line    0x00000000      0x1b0 .pio\build\bootloader\libFrameworkLibOpenCM3.a(pwr.o)
 .debug_str     0x00000000      0x231 .pio\build\bootloader\libFrameworkLibOpenCM3.a(pwr.o)
 .comment       0x00000000       0x7f .pio\build\bootloader\libFrameworkLibOpenCM3.a(pwr.o)
 .debug_frame   0x00000000       0x20 .pio\build\bootloader\libFrameworkLibOpenCM3.a(pwr.o)
 .ARM.attributes
                0x00000000       0x39 .pio\build\bootloader\libFrameworkLibOpenCM3.a(pwr.o)

Memory Configuration

Name             Origin             Length             Attributes
ram              0x20000000         0x00020000         xrw
rom              0x08000000         0x00080000         xr
*default*        0x00000000         0xffffffff

Linker script and memory map

LOAD .pio\build\bootloader\bootloader\aes.o
LOAD .pio\build\bootloader\bootloader\bl-flash.o
LOAD .pio\build\bootloader\bootloader\bootloader.o
LOAD .pio\build\bootloader\bootloader\comms.o
LOAD .pio\build\bootloader\bootloader\crc.o
LOAD .pio\build\bootloader\bootloader\ring-buffer.o
LOAD .pio\build\bootloader\bootloader\simple-timer.o
LOAD .pio\build\bootloader\bootloader\system.o
LOAD .pio\build\bootloader\bootloader\uart.o
START GROUP
LOAD c:/users/nicol/.platformio/packages/toolchain-gccarmnoneeabi/bin/../lib/gcc/arm-none-eabi/7.2.1/../../../../arm-none-eabi/lib/thumb/v7e-m/fpv4-sp/hard\libc_nano.a
LOAD c:/users/nicol/.platformio/packages/toolchain-gccarmnoneeabi/bin/../lib/gcc/arm-none-eabi/7.2.1/thumb/v7e-m/fpv4-sp/hard\libgcc.a
LOAD c:/users/nicol/.platformio/packages/toolchain-gccarmnoneeabi/bin/../lib/gcc/arm-none-eabi/7.2.1/../../../../arm-none-eabi/lib/thumb/v7e-m/fpv4-sp/hard\libm.a
LOAD c:/users/nicol/.platformio/packages/toolchain-gccarmnoneeabi/bin/../lib/gcc/arm-none-eabi/7.2.1/../../../../arm-none-eabi/lib/thumb/v7e-m/fpv4-sp/hard\libstdc++_nano.a
LOAD c:/users/nicol/.platformio/packages/toolchain-gccarmnoneeabi/bin/../lib/gcc/arm-none-eabi/7.2.1/../../../../arm-none-eabi/lib/thumb/v7e-m/fpv4-sp/hard\libnosys.a
LOAD .pio\build\bootloader\libFrameworkLibOpenCM3.a
END GROUP
START GROUP
LOAD c:/users/nicol/.platformio/packages/toolchain-gccarmnoneeabi/bin/../lib/gcc/arm-none-eabi/7.2.1/thumb/v7e-m/fpv4-sp/hard\libgcc.a
LOAD c:/users/nicol/.platformio/packages/toolchain-gccarmnoneeabi/bin/../lib/gcc/arm-none-eabi/7.2.1/../../../../arm-none-eabi/lib/thumb/v7e-m/fpv4-sp/hard\libg_nano.a
LOAD c:/users/nicol/.platformio/packages/toolchain-gccarmnoneeabi/bin/../lib/gcc/arm-none-eabi/7.2.1/../../../../arm-none-eabi/lib/thumb/v7e-m/fpv4-sp/hard\libc_nano.a
END GROUP
START GROUP
LOAD c:/users/nicol/.platformio/packages/toolchain-gccarmnoneeabi/bin/../lib/gcc/arm-none-eabi/7.2.1/thumb/v7e-m/fpv4-sp/hard\libgcc.a
LOAD c:/users/nicol/.platformio/packages/toolchain-gccarmnoneeabi/bin/../lib/gcc/arm-none-eabi/7.2.1/../../../../arm-none-eabi/lib/thumb/v7e-m/fpv4-sp/hard\libc_nano.a
LOAD c:/users/nicol/.platformio/packages/toolchain-gccarmnoneeabi/bin/../lib/gcc/arm-none-eabi/7.2.1/../../../../arm-none-eabi/lib/thumb/v7e-m/fpv4-sp/hard\libnosys.a
END GROUP
START GROUP
LOAD c:/users/nicol/.platformio/packages/toolchain-gccarmnoneeabi/bin/../lib/gcc/arm-none-eabi/7.2.1/thumb/v7e-m/fpv4-sp/hard\libgcc.a
LOAD c:/users/nicol/.platformio/packages/toolchain-gccarmnoneeabi/bin/../lib/gcc/arm-none-eabi/7.2.1/../../../../arm-none-eabi/lib/thumb/v7e-m/fpv4-sp/hard\libc_nano.a
LOAD c:/users/nicol/.platformio/packages/toolchain-gccarmnoneeabi/bin/../lib/gcc/arm-none-eabi/7.2.1/../../../../arm-none-eabi/lib/thumb/v7e-m/fpv4-sp/hard\libnosys.a
END GROUP

.text           0x08000000     0x1a6c
 *(.vectors)
 .vectors       0x08000000      0x1ac .pio\build\bootloader\libFrameworkLibOpenCM3.a(vector.o)
                0x08000000                vector_table
 *(.text*)
 .text.GF_Mult  0x080001ac       0x38 .pio\build\bootloader\bootloader\aes.o
                0x080001ac                GF_Mult
 .text.GF_WordAdd
                0x080001e4       0x28 .pio\build\bootloader\bootloader\aes.o
                0x080001e4                GF_WordAdd
 .text.AES_RotWord
                0x0800020c       0x12 .pio\build\bootloader\bootloader\aes.o
                0x0800020c                AES_RotWord
 .text.AES_SubBytes
                0x0800021e       0x24 .pio\build\bootloader\bootloader\aes.o
                0x0800021e                AES_SubBytes
 .text.AES_SubWord
                0x08000242       0x12 .pio\build\bootloader\bootloader\aes.o
                0x08000242                AES_SubWord
 .text.AES_KeySchedule128
                0x08000254       0x94 .pio\build\bootloader\bootloader\aes.o
                0x08000254                AES_KeySchedule128
 .text.AES_ShiftRows
                0x080002e8       0x32 .pio\build\bootloader\bootloader\aes.o
                0x080002e8                AES_ShiftRows
 .text.AES_InvShiftRows
                0x0800031a       0x32 .pio\build\bootloader\bootloader\aes.o
                0x0800031a                AES_InvShiftRows
 .text.AES_MixColumns
                0x0800034c       0xb2 .pio\build\bootloader\bootloader\aes.o
                0x0800034c                AES_MixColumns
 .text.AES_InvMixColumns
                0x080003fe       0xf6 .pio\build\bootloader\bootloader\aes.o
                0x080003fe                AES_InvMixColumns
 .text.AES_AddRoundKey
                0x080004f4       0x28 .pio\build\bootloader\bootloader\aes.o
                0x080004f4                AES_AddRoundKey
 .text.AES_EncryptBlock
                0x0800051c       0x44 .pio\build\bootloader\bootloader\aes.o
                0x0800051c                AES_EncryptBlock
 .text.AES_DecryptBlock
                0x08000560       0x44 .pio\build\bootloader\bootloader\aes.o
                0x08000560                AES_DecryptBlock
 .text.bl_flash_erase_main_application
                0x080005a4       0x20 .pio\build\bootloader\bootloader\bl-flash.o
                0x080005a4                bl_flash_erase_main_application
 .text.bl_flash_write
                0x080005c4       0x1c .pio\build\bootloader\bootloader\bl-flash.o
                0x080005c4                bl_flash_write
 .text.jump_to_main
                0x080005e0       0x10 .pio\build\bootloader\bootloader\bootloader.o
 .text.is_device_id_packet
                0x080005f0       0x30 .pio\build\bootloader\bootloader\bootloader.o
 .text.is_fw_length_packet
                0x08000620       0x30 .pio\build\bootloader\bootloader\bootloader.o
 .text.bootloading_fail
                0x08000650       0x24 .pio\build\bootloader\bootloader\bootloader.o
 .text.clock_setup
                0x08000674       0x24 .pio\build\bootloader\bootloader\bootloader.o
 .text.gpio_bootloader_setup
                0x08000698       0x18 .pio\build\bootloader\bootloader\bootloader.o
 .text.aes_cbc_mac_step_decrypt
                0x080006b0       0x34 .pio\build\bootloader\bootloader\bootloader.o
 .text.decrypt_and_store
                0x080006e4      0x11c .pio\build\bootloader\bootloader\bootloader.o
 .text.check_for_timeout
                0x08000800       0x18 .pio\build\bootloader\bootloader\bootloader.o
 .text.gpio_bootloader_teardown
                0x08000818       0x20 .pio\build\bootloader\bootloader\bootloader.o
 .text.aes_cbc_mac_step
                0x08000838       0x34 .pio\build\bootloader\bootloader\bootloader.o
 .text.validate_firmware_image
                0x0800086c      0x1b8 .pio\build\bootloader\bootloader\bootloader.o
 .text.main     0x08000a24      0x3f4 .pio\build\bootloader\bootloader\bootloader.o
                0x08000a24                main
 .text.comms_is_single_byte_packet
                0x08000e18       0x30 .pio\build\bootloader\bootloader\comms.o
                0x08000e18                comms_is_single_byte_packet
 .text.comms_packets_available
                0x08000e48       0x18 .pio\build\bootloader\bootloader\comms.o
                0x08000e48                comms_packets_available
 .text.comms_write
                0x08000e60       0x20 .pio\build\bootloader\bootloader\comms.o
                0x08000e60                comms_write
 .text.comms_read
                0x08000e80       0x38 .pio\build\bootloader\bootloader\comms.o
                0x08000e80                comms_read
 .text.comms_compute_crc
                0x08000eb8        0xa .pio\build\bootloader\bootloader\comms.o
                0x08000eb8                comms_compute_crc
 .text.comms_create_single_byte_packet
                0x08000ec2       0x26 .pio\build\bootloader\bootloader\comms.o
                0x08000ec2                comms_create_single_byte_packet
 .text.comms_setup
                0x08000ee8       0x1c .pio\build\bootloader\bootloader\comms.o
                0x08000ee8                comms_setup
 .text.comms_update
                0x08000f04      0x118 .pio\build\bootloader\bootloader\comms.o
                0x08000f04                comms_update
 .text.crc8     0x0800101c       0x3a .pio\build\bootloader\bootloader\crc.o
                0x0800101c                crc8
 .text.ring_buffer_setup
                0x08001056        0xe .pio\build\bootloader\bootloader\ring-buffer.o
                0x08001056                ring_buffer_setup
 .text.ring_buffer_empty
                0x08001064        0xe .pio\build\bootloader\bootloader\ring-buffer.o
                0x08001064                ring_buffer_empty
 .text.ring_buffer_read
                0x08001072       0x1e .pio\build\bootloader\bootloader\ring-buffer.o
                0x08001072                ring_buffer_read
 .text.ring_buffer_write
                0x08001090       0x20 .pio\build\bootloader\bootloader\ring-buffer.o
                0x08001090                ring_buffer_write
 .text.simple_timer_setup
                0x080010b0       0x26 .pio\build\bootloader\bootloader\simple-timer.o
                0x080010b0                simple_timer_setup
 .text.simple_timer_has_elapsed
                0x080010d6       0x60 .pio\build\bootloader\bootloader\simple-timer.o
                0x080010d6                simple_timer_has_elapsed
 .text.simple_timer_reset
                0x08001136       0x18 .pio\build\bootloader\bootloader\simple-timer.o
                0x08001136                simple_timer_reset
 *fill*         0x0800114e        0x2 
 .text.tim3_isr
                0x08001150       0x3c .pio\build\bootloader\bootloader\system.o
                0x08001150                tim3_isr
 .text.tim3_setup
                0x0800118c       0x3c .pio\build\bootloader\bootloader\system.o
                0x0800118c                tim3_setup
 .text.system_get_ticks
                0x080011c8        0xc .pio\build\bootloader\bootloader\system.o
                0x080011c8                system_get_ticks
 .text.system_setup
                0x080011d4        0x8 .pio\build\bootloader\bootloader\system.o
                0x080011d4                system_setup
 .text.system_teardown
                0x080011dc       0x28 .pio\build\bootloader\bootloader\system.o
                0x080011dc                system_teardown
 .text.system_delay
                0x08001204       0x1e .pio\build\bootloader\bootloader\system.o
                0x08001204                system_delay
 *fill*         0x08001222        0x2 
 .text.usart2_isr
                0x08001224       0x50 .pio\build\bootloader\bootloader\uart.o
                0x08001224                usart2_isr
 .text.usart_setup
                0x08001274       0x9c .pio\build\bootloader\bootloader\uart.o
                0x08001274                usart_setup
 .text.uart_write_byte
                0x08001310       0x10 .pio\build\bootloader\bootloader\uart.o
                0x08001310                uart_write_byte
 .text.uart_write
                0x08001320       0x18 .pio\build\bootloader\bootloader\uart.o
                0x08001320                uart_write
 .text.uart_read
                0x08001338       0x2c .pio\build\bootloader\bootloader\uart.o
                0x08001338                uart_read
 .text.uart_read_byte
                0x08001364       0x1c .pio\build\bootloader\bootloader\uart.o
                0x08001364                uart_read_byte
 .text.uart_data_available
                0x08001380       0x14 .pio\build\bootloader\bootloader\uart.o
                0x08001380                uart_data_available
 .text.uart_teardown
                0x08001394       0x3c .pio\build\bootloader\bootloader\uart.o
                0x08001394                uart_teardown
 .text.memcmp   0x080013d0       0x1e c:/users/nicol/.platformio/packages/toolchain-gccarmnoneeabi/bin/../lib/gcc/arm-none-eabi/7.2.1/../../../../arm-none-eabi/lib/thumb/v7e-m/fpv4-sp/hard\libc_nano.a(lib_a-memcmp.o)
                0x080013d0                memcmp
 .text.memcpy   0x080013ee       0x16 c:/users/nicol/.platformio/packages/toolchain-gccarmnoneeabi/bin/../lib/gcc/arm-none-eabi/7.2.1/../../../../arm-none-eabi/lib/thumb/v7e-m/fpv4-sp/hard\libc_nano.a(lib_a-memcpy-stub.o)
                0x080013ee                memcpy
 .text.memset   0x08001404       0x10 c:/users/nicol/.platformio/packages/toolchain-gccarmnoneeabi/bin/../lib/gcc/arm-none-eabi/7.2.1/../../../../arm-none-eabi/lib/thumb/v7e-m/fpv4-sp/hard\libc_nano.a(lib_a-memset.o)
                0x08001404                memset
 .text.flash_unlock
                0x08001414       0x18 .pio\build\bootloader\libFrameworkLibOpenCM3.a(flash_common_f.o)
                0x08001414                flash_unlock
 .text.flash_lock
                0x0800142c       0x10 .pio\build\bootloader\libFrameworkLibOpenCM3.a(flash_common_f.o)
                0x0800142c                flash_lock
 .text.flash_program_byte
                0x0800143c       0x34 .pio\build\bootloader\libFrameworkLibOpenCM3.a(flash_common_f24.o)
                0x0800143c                flash_program_byte
 .text.flash_program
                0x08001470       0x1c .pio\build\bootloader\libFrameworkLibOpenCM3.a(flash_common_f24.o)
                0x08001470                flash_program
 .text.flash_erase_sector
                0x0800148c       0x64 .pio\build\bootloader\libFrameworkLibOpenCM3.a(flash_common_f24.o)
                0x0800148c                flash_erase_sector
 .text.gpio_port_read
                0x080014f0        0x6 .pio\build\bootloader\libFrameworkLibOpenCM3.a(gpio_common_all.o)
                0x080014f0                gpio_port_read
 .text.gpio_get
                0x080014f6        0xc .pio\build\bootloader\libFrameworkLibOpenCM3.a(gpio_common_all.o)
                0x080014f6                gpio_get
 .text.gpio_mode_setup
                0x08001502       0x46 .pio\build\bootloader\libFrameworkLibOpenCM3.a(gpio_common_f0234.o)
                0x08001502                gpio_mode_setup
 .text.gpio_set_output_options
                0x08001548       0x46 .pio\build\bootloader\libFrameworkLibOpenCM3.a(gpio_common_f0234.o)
                0x08001548                gpio_set_output_options
 .text.gpio_set_af
                0x0800158e       0x64 .pio\build\bootloader\libFrameworkLibOpenCM3.a(gpio_common_f0234.o)
                0x0800158e                gpio_set_af
 .text.rcc_periph_clock_enable
                0x080015f2       0x1c .pio\build\bootloader\libFrameworkLibOpenCM3.a(rcc_common_all.o)
                0x080015f2                rcc_periph_clock_enable
 .text.rcc_periph_clock_disable
                0x0800160e       0x1e .pio\build\bootloader\libFrameworkLibOpenCM3.a(rcc_common_all.o)
                0x0800160e                rcc_periph_clock_disable
 .text.rcc_periph_reset_pulse
                0x0800162c       0x22 .pio\build\bootloader\libFrameworkLibOpenCM3.a(rcc_common_all.o)
                0x0800162c                rcc_periph_reset_pulse
 .text.timer_enable_irq
                0x0800164e        0x8 .pio\build\bootloader\libFrameworkLibOpenCM3.a(timer_common_all.o)
                0x0800164e                timer_enable_irq
 .text.timer_disable_irq
                0x08001656        0xa .pio\build\bootloader\libFrameworkLibOpenCM3.a(timer_common_all.o)
                0x08001656                timer_disable_irq
 .text.timer_enable_counter
                0x08001660        0xa .pio\build\bootloader\libFrameworkLibOpenCM3.a(timer_common_all.o)
                0x08001660                timer_enable_counter
 .text.timer_disable_counter
                0x0800166a        0xa .pio\build\bootloader\libFrameworkLibOpenCM3.a(timer_common_all.o)
                0x0800166a                timer_disable_counter
 .text.timer_set_prescaler
                0x08001674        0x4 .pio\build\bootloader\libFrameworkLibOpenCM3.a(timer_common_all.o)
                0x08001674                timer_set_prescaler
 .text.timer_set_period
                0x08001678        0x4 .pio\build\bootloader\libFrameworkLibOpenCM3.a(timer_common_all.o)
                0x08001678                timer_set_period
 .text.usart_set_baudrate
                0x0800167c       0x16 .pio\build\bootloader\libFrameworkLibOpenCM3.a(usart_common_all.o)
                0x0800167c                usart_set_baudrate
 .text.usart_set_databits
                0x08001692       0x18 .pio\build\bootloader\libFrameworkLibOpenCM3.a(usart_common_all.o)
                0x08001692                usart_set_databits
 .text.usart_set_stopbits
                0x080016aa        0xc .pio\build\bootloader\libFrameworkLibOpenCM3.a(usart_common_all.o)
                0x080016aa                usart_set_stopbits
 .text.usart_set_parity
                0x080016b6        0xc .pio\build\bootloader\libFrameworkLibOpenCM3.a(usart_common_all.o)
                0x080016b6                usart_set_parity
 .text.usart_set_mode
                0x080016c2        0xc .pio\build\bootloader\libFrameworkLibOpenCM3.a(usart_common_all.o)
                0x080016c2                usart_set_mode
 .text.usart_set_flow_control
                0x080016ce        0xc .pio\build\bootloader\libFrameworkLibOpenCM3.a(usart_common_all.o)
                0x080016ce                usart_set_flow_control
 .text.usart_enable
                0x080016da        0xa .pio\build\bootloader\libFrameworkLibOpenCM3.a(usart_common_all.o)
                0x080016da                usart_enable
 .text.usart_disable
                0x080016e4        0xa .pio\build\bootloader\libFrameworkLibOpenCM3.a(usart_common_all.o)
                0x080016e4                usart_disable
 .text.usart_send_blocking
                0x080016ee       0x14 .pio\build\bootloader\libFrameworkLibOpenCM3.a(usart_common_all.o)
                0x080016ee                usart_send_blocking
 .text.usart_enable_rx_interrupt
                0x08001702        0xa .pio\build\bootloader\libFrameworkLibOpenCM3.a(usart_common_all.o)
                0x08001702                usart_enable_rx_interrupt
 .text.usart_disable_rx_interrupt
                0x0800170c        0xa .pio\build\bootloader\libFrameworkLibOpenCM3.a(usart_common_all.o)
                0x0800170c                usart_disable_rx_interrupt
 .text.usart_send
                0x08001716        0x8 .pio\build\bootloader\libFrameworkLibOpenCM3.a(usart_common_f124.o)
                0x08001716                usart_send
 .text.usart_recv
                0x0800171e        0x8 .pio\build\bootloader\libFrameworkLibOpenCM3.a(usart_common_f124.o)
                0x0800171e                usart_recv
 .text.usart_wait_send_ready
                0x08001726        0xa .pio\build\bootloader\libFrameworkLibOpenCM3.a(usart_common_f124.o)
                0x08001726                usart_wait_send_ready
 .text.usart_get_flag
                0x08001730        0xc .pio\build\bootloader\libFrameworkLibOpenCM3.a(usart_common_f124.o)
                0x08001730                usart_get_flag
 .text.pre_main
                0x0800173c       0x10 .pio\build\bootloader\libFrameworkLibOpenCM3.a(vector.o)
 .text.blocking_handler
                0x0800174c        0x2 .pio\build\bootloader\libFrameworkLibOpenCM3.a(vector.o)
                0x0800174c                dma2_stream1_isr
                0x0800174c                tim8_brk_tim12_isr
                0x0800174c                dma1_stream7_isr
                0x0800174c                usart3_isr
                0x0800174c                tim7_isr
                0x0800174c                dma2d_isr
                0x0800174c                uart8_isr
                0x0800174c                dma1_stream2_isr
                0x0800174c                otg_hs_isr
                0x0800174c                blocking_handler
                0x0800174c                tim5_isr
                0x0800174c                rtc_wkup_isr
                0x0800174c                otg_fs_isr
                0x0800174c                spi1_isr
                0x0800174c                i2c3_er_isr
                0x0800174c                exti2_isr
                0x0800174c                spi5_isr
                0x0800174c                usb_fs_wkup_isr
                0x0800174c                tamp_stamp_isr
                0x0800174c                can1_rx1_isr
                0x0800174c                dma2_stream0_isr
                0x0800174c                usart1_isr
                0x0800174c                i2c3_ev_isr
                0x0800174c                usage_fault_handler
                0x0800174c                can2_rx0_isr
                0x0800174c                dma1_stream6_isr
                0x0800174c                can2_rx1_isr
                0x0800174c                can1_sce_isr
                0x0800174c                tim1_cc_isr
                0x0800174c                can1_tx_isr
                0x0800174c                tim1_up_tim10_isr
                0x0800174c                sdio_isr
                0x0800174c                eth_isr
                0x0800174c                spi6_isr
                0x0800174c                dma2_stream5_isr
                0x0800174c                pvd_isr
                0x0800174c                can1_rx0_isr
                0x0800174c                rcc_isr
                0x0800174c                dma2_stream3_isr
                0x0800174c                flash_isr
                0x0800174c                uart4_isr
                0x0800174c                lcd_tft_isr
                0x0800174c                rtc_alarm_isr
                0x0800174c                exti15_10_isr
                0x0800174c                hash_rng_isr
                0x0800174c                tim1_trg_com_tim11_isr
                0x0800174c                hard_fault_handler
                0x0800174c                exti1_isr
                0x0800174c                i2c1_ev_isr
                0x0800174c                usart6_isr
                0x0800174c                spi2_isr
                0x0800174c                cryp_isr
                0x0800174c                nvic_wwdg_isr
                0x0800174c                dma1_stream1_isr
                0x0800174c                dma2_stream4_isr
                0x0800174c                exti3_isr
                0x0800174c                sai1_isr
                0x0800174c                fpu_isr
                0x0800174c                dma1_stream4_isr
                0x0800174c                i2c2_er_isr
                0x0800174c                i2c2_ev_isr
                0x0800174c                uart5_isr
                0x0800174c                dma2_stream6_isr
                0x0800174c                spi4_isr
                0x0800174c                adc_isr
                0x0800174c                dma2_stream7_isr
                0x0800174c                tim8_up_tim13_isr
                0x0800174c                fsmc_isr
                0x0800174c                exti4_isr
                0x0800174c                tim6_dac_isr
                0x0800174c                dma1_stream3_isr
                0x0800174c                tim8_trg_com_tim14_isr
                0x0800174c                mem_manage_handler
                0x0800174c                lcd_tft_err_isr
                0x0800174c                can2_tx_isr
                0x0800174c                exti9_5_isr
                0x0800174c                tim1_brk_tim9_isr
                0x0800174c                uart7_isr
                0x0800174c                can2_sce_isr
                0x0800174c                tim4_isr
                0x0800174c                otg_hs_wkup_isr
                0x0800174c                i2c1_er_isr
                0x0800174c                dma1_stream0_isr
                0x0800174c                tim8_cc_isr
                0x0800174c                dcmi_isr
                0x0800174c                dma2_stream2_isr
                0x0800174c                eth_wkup_isr
                0x0800174c                bus_fault_handler
                0x0800174c                otg_hs_ep1_out_isr
                0x0800174c                spi3_isr
                0x0800174c                dma1_stream5_isr
                0x0800174c                otg_hs_ep1_in_isr
                0x0800174c                tim2_isr
                0x0800174c                exti0_isr
 .text.null_handler
                0x0800174e        0x2 .pio\build\bootloader\libFrameworkLibOpenCM3.a(vector.o)
                0x0800174e                sv_call_handler
                0x0800174e                pend_sv_handler
                0x0800174e                debug_monitor_handler
                0x0800174e                sys_tick_handler
                0x0800174e                nmi_handler
                0x0800174e                null_handler
 .text.reset_handler
                0x08001750       0x94 .pio\build\bootloader\libFrameworkLibOpenCM3.a(vector.o)
                0x08001750                reset_handler
 .text.scb_reset_core
                0x080017e4       0x10 .pio\build\bootloader\libFrameworkLibOpenCM3.a(scb.o)
                0x080017e4                scb_reset_core
 .text.nvic_enable_irq
                0x080017f4       0x18 .pio\build\bootloader\libFrameworkLibOpenCM3.a(nvic.o)
                0x080017f4                nvic_enable_irq
 .text.nvic_disable_irq
                0x0800180c       0x18 .pio\build\bootloader\libFrameworkLibOpenCM3.a(nvic.o)
                0x0800180c                nvic_disable_irq
 .text.flash_wait_for_last_operation
                0x08001824       0x10 .pio\build\bootloader\libFrameworkLibOpenCM3.a(flash.o)
                0x08001824                flash_wait_for_last_operation
 .text.rcc_get_usart_clk_freq
                0x08001834       0x28 .pio\build\bootloader\libFrameworkLibOpenCM3.a(rcc.o)
                0x08001834                rcc_get_usart_clk_freq
                0x0800185c                . = ALIGN (0x4)
 *(.rodata*)
 .rodata.sbox_decrypt
                0x0800185c      0x100 .pio\build\bootloader\bootloader\aes.o
                0x0800185c                sbox_decrypt
 .rodata.sbox_encrypt
                0x0800195c      0x100 .pio\build\bootloader\bootloader\aes.o
                0x0800195c                sbox_encrypt
 .rodata.secret_key
                0x08001a5c       0x10 .pio\build\bootloader\bootloader\bootloader.o
                0x08001a6c                . = ALIGN (0x4)

.glue_7         0x08001a6c        0x0
 .glue_7        0x08001a6c        0x0 linker stubs

.glue_7t        0x08001a6c        0x0
 .glue_7t       0x08001a6c        0x0 linker stubs

.vfp11_veneer   0x08001a6c        0x0
 .vfp11_veneer  0x08001a6c        0x0 linker stubs

.v4_bx          0x08001a6c        0x0
 .v4_bx         0x08001a6c        0x0 linker stubs

.iplt           0x08001a6c        0x0
 .iplt          0x08001a6c        0x0 .pio\build\bootloader\bootloader\aes.o

.rel.dyn        0x08001a6c        0x0
 .rel.iplt      0x08001a6c        0x0 .pio\build\bootloader\bootloader\aes.o

.preinit_array  0x08001a6c        0x0
                0x08001a6c                . = ALIGN (0x4)
                0x08001a6c                __preinit_array_start = .
 *(.preinit_array)
                0x08001a6c                __preinit_array_end = .

.init_array     0x08001a6c        0x0
                0x08001a6c                . = ALIGN (0x4)
                0x08001a6c                __init_array_start = .
 *(SORT_BY_NAME(.init_array.*))
 *(.init_array)
                0x08001a6c                __init_array_end = .

.fini_array     0x08001a6c        0x0
                0x08001a6c                . = ALIGN (0x4)
                0x08001a6c                __fini_array_start = .
 *(.fini_array)
 *(SORT_BY_NAME(.fini_array.*))
                0x08001a6c                __fini_array_end = .

.ARM.extab
 *(.ARM.extab*)

.ARM.exidx      0x08001a6c        0x0
                0x08001a6c                __exidx_start = .
 *(.ARM.exidx*)
                0x08001a6c                __exidx_end = .
                0x08001a6c                . = ALIGN (0x4)
                0x08001a6c                _etext = .

.noinit
 *(.noinit*)
                0x08001a6c                . = ALIGN (0x4)

.data           0x20000000       0x30 load address 0x08001a6c
                0x20000000                _data = .
 *(.data*)
 .data.Rcon     0x20000000       0x28 .pio\build\bootloader\bootloader\aes.o
                0x20000000                Rcon
 .data.rcc_apb1_frequency
                0x20000028        0x4 .pio\build\bootloader\libFrameworkLibOpenCM3.a(rcc.o)
                0x20000028                rcc_apb1_frequency
 .data.rcc_apb2_frequency
                0x2000002c        0x4 .pio\build\bootloader\libFrameworkLibOpenCM3.a(rcc.o)
                0x2000002c                rcc_apb2_frequency
 *(.ramtext*)
                0x20000030                . = ALIGN (0x4)
                0x20000030                _edata = .
                0x08001a6c                _data_loadaddr = LOADADDR (.data)

.igot.plt       0x20000030        0x0 load address 0x08001a9c
 .igot.plt      0x20000030        0x0 .pio\build\bootloader\bootloader\aes.o

.bss            0x20000030      0x1c8 load address 0x08001a9c
 *(.bss*)
 .bss.bytes_written
                0x20000030        0x4 .pio\build\bootloader\bootloader\bootloader.o
 .bss.fw_length
                0x20000034        0x4 .pio\build\bootloader\bootloader\bootloader.o
 .bss.isFWCrypted
                0x20000038        0x1 .pio\build\bootloader\bootloader\bootloader.o
 *fill*         0x20000039        0x3 
 .bss.offset    0x2000003c        0x4 .pio\build\bootloader\bootloader\bootloader.o
 .bss.stateBL   0x20000040        0x1 .pio\build\bootloader\bootloader\bootloader.o
 *fill*         0x20000041        0x3 
 .bss.sync_seq  0x20000044        0x4 .pio\build\bootloader\bootloader\bootloader.o
 .bss.temp_packet
                0x20000048       0x12 .pio\build\bootloader\bootloader\bootloader.o
 *fill*         0x2000005a        0x6 
 .bss.timer1    0x20000060       0x18 .pio\build\bootloader\bootloader\bootloader.o
 .bss.ack_packet
                0x20000078       0x12 .pio\build\bootloader\bootloader\comms.o
 .bss.data_byte_count
                0x2000008a        0x1 .pio\build\bootloader\bootloader\comms.o
 *fill*         0x2000008b        0x1 
 .bss.last_transmitted_packet
                0x2000008c       0x12 .pio\build\bootloader\bootloader\comms.o
 *fill*         0x2000009e        0x2 
 .bss.packet_buffer
                0x200000a0       0x90 .pio\build\bootloader\bootloader\comms.o
 .bss.packet_read_index
                0x20000130        0x4 .pio\build\bootloader\bootloader\comms.o
 .bss.packet_write_index
                0x20000134        0x4 .pio\build\bootloader\bootloader\comms.o
 .bss.retx_packet
                0x20000138       0x12 .pio\build\bootloader\bootloader\comms.o
 .bss.state     0x2000014a        0x1 .pio\build\bootloader\bootloader\comms.o
 *fill*         0x2000014b        0x1 
 .bss.temporary_packet
                0x2000014c       0x12 .pio\build\bootloader\bootloader\comms.o
 *fill*         0x2000015e        0x2 
 .bss.ticks     0x20000160        0x8 .pio\build\bootloader\bootloader\system.o
 .bss.data_buffer
                0x20000168       0x80 .pio\build\bootloader\bootloader\uart.o
 .bss.rb        0x200001e8       0x10 .pio\build\bootloader\bootloader\uart.o
 *(COMMON)
                0x200001f8                . = ALIGN (0x4)
                0x200001f8                _ebss = .

/DISCARD/
 *(.eh_frame)
                0x200001f8                . = ALIGN (0x4)
                0x200001f8                end = .
                0x20020000                PROVIDE (_stack, (ORIGIN (ram) + LENGTH (ram)))
OUTPUT(.pio\build\bootloader\firmware.elf elf32-littlearm)

.debug_info     0x00000000     0xab5a
 .debug_info    0x00000000     0x11c2 .pio\build\bootloader\bootloader\aes.o
 .debug_info    0x000011c2      0x1a3 .pio\build\bootloader\bootloader\bl-flash.o
 .debug_info    0x00001365     0x205c .pio\build\bootloader\bootloader\bootloader.o
 .debug_info    0x000033c1      0xc9f .pio\build\bootloader\bootloader\comms.o
 .debug_info    0x00004060      0x1a2 .pio\build\bootloader\bootloader\crc.o
 .debug_info    0x00004202      0x206 .pio\build\bootloader\bootloader\ring-buffer.o
 .debug_info    0x00004408      0x1d3 .pio\build\bootloader\bootloader\simple-timer.o
 .debug_info    0x000045db      0xbe2 .pio\build\bootloader\bootloader\system.o
 .debug_info    0x000051bd      0xc5f .pio\build\bootloader\bootloader\uart.o
 .debug_info    0x00005e1c       0xb5 .pio\build\bootloader\libFrameworkLibOpenCM3.a(flash_common_f.o)
 .debug_info    0x00005ed1      0x42c .pio\build\bootloader\libFrameworkLibOpenCM3.a(flash_common_f24.o)
 .debug_info    0x000062fd      0x212 .pio\build\bootloader\libFrameworkLibOpenCM3.a(gpio_common_all.o)
 .debug_info    0x0000650f      0x1ef .pio\build\bootloader\libFrameworkLibOpenCM3.a(gpio_common_f0234.o)
 .debug_info    0x000066fe      0xaa1 .pio\build\bootloader\libFrameworkLibOpenCM3.a(rcc_common_all.o)
 .debug_info    0x0000719f     0x11bc .pio\build\bootloader\libFrameworkLibOpenCM3.a(timer_common_all.o)
 .debug_info    0x0000835b      0x77c .pio\build\bootloader\libFrameworkLibOpenCM3.a(usart_common_all.o)
 .debug_info    0x00008ad7      0x2ea .pio\build\bootloader\libFrameworkLibOpenCM3.a(usart_common_f124.o)
 .debug_info    0x00008dc1      0x2b6 .pio\build\bootloader\libFrameworkLibOpenCM3.a(vector.o)
 .debug_info    0x00009077      0x8fd .pio\build\bootloader\libFrameworkLibOpenCM3.a(scb.o)
 .debug_info    0x00009974      0x210 .pio\build\bootloader\libFrameworkLibOpenCM3.a(nvic.o)
 .debug_info    0x00009b84      0x113 .pio\build\bootloader\libFrameworkLibOpenCM3.a(flash.o)
 .debug_info    0x00009c97      0xec3 .pio\build\bootloader\libFrameworkLibOpenCM3.a(rcc.o)

.debug_abbrev   0x00000000     0x1e84
 .debug_abbrev  0x00000000      0x2bf .pio\build\bootloader\bootloader\aes.o
 .debug_abbrev  0x000002bf       0xca .pio\build\bootloader\bootloader\bl-flash.o
 .debug_abbrev  0x00000389      0x363 .pio\build\bootloader\bootloader\bootloader.o
 .debug_abbrev  0x000006ec      0x292 .pio\build\bootloader\bootloader\comms.o
 .debug_abbrev  0x0000097e       0xa6 .pio\build\bootloader\bootloader\crc.o
 .debug_abbrev  0x00000a24       0xec .pio\build\bootloader\bootloader\ring-buffer.o
 .debug_abbrev  0x00000b10      0x10e .pio\build\bootloader\bootloader\simple-timer.o
 .debug_abbrev  0x00000c1e      0x1d4 .pio\build\bootloader\bootloader\system.o
 .debug_abbrev  0x00000df2      0x1c0 .pio\build\bootloader\bootloader\uart.o
 .debug_abbrev  0x00000fb2       0x4f .pio\build\bootloader\libFrameworkLibOpenCM3.a(flash_common_f.o)
 .debug_abbrev  0x00001001      0x14b .pio\build\bootloader\libFrameworkLibOpenCM3.a(flash_common_f24.o)
 .debug_abbrev  0x0000114c       0xd6 .pio\build\bootloader\libFrameworkLibOpenCM3.a(gpio_common_all.o)
 .debug_abbrev  0x00001222       0xb4 .pio\build\bootloader\libFrameworkLibOpenCM3.a(gpio_common_f0234.o)
 .debug_abbrev  0x000012d6      0x151 .pio\build\bootloader\libFrameworkLibOpenCM3.a(rcc_common_all.o)
 .debug_abbrev  0x00001427      0x1aa .pio\build\bootloader\libFrameworkLibOpenCM3.a(timer_common_all.o)
 .debug_abbrev  0x000015d1      0x1a7 .pio\build\bootloader\libFrameworkLibOpenCM3.a(usart_common_all.o)
 .debug_abbrev  0x00001778      0x107 .pio\build\bootloader\libFrameworkLibOpenCM3.a(usart_common_f124.o)
 .debug_abbrev  0x0000187f      0x12b .pio\build\bootloader\libFrameworkLibOpenCM3.a(vector.o)
 .debug_abbrev  0x000019aa      0x1d3 .pio\build\bootloader\libFrameworkLibOpenCM3.a(scb.o)
 .debug_abbrev  0x00001b7d       0xa3 .pio\build\bootloader\libFrameworkLibOpenCM3.a(nvic.o)
 .debug_abbrev  0x00001c20       0x85 .pio\build\bootloader\libFrameworkLibOpenCM3.a(flash.o)
 .debug_abbrev  0x00001ca5      0x1df .pio\build\bootloader\libFrameworkLibOpenCM3.a(rcc.o)

.debug_loc      0x00000000     0x2672
 .debug_loc     0x00000000      0x4f3 .pio\build\bootloader\bootloader\aes.o
 .debug_loc     0x000004f3       0x84 .pio\build\bootloader\bootloader\bl-flash.o
 .debug_loc     0x00000577      0x4b6 .pio\build\bootloader\bootloader\bootloader.o
 .debug_loc     0x00000a2d      0x129 .pio\build\bootloader\bootloader\comms.o
 .debug_loc     0x00000b56      0x17b .pio\build\bootloader\bootloader\crc.o
 .debug_loc     0x00000cd1      0x134 .pio\build\bootloader\bootloader\ring-buffer.o
 .debug_loc     0x00000e05       0xb0 .pio\build\bootloader\bootloader\simple-timer.o
 .debug_loc     0x00000eb5       0x28 .pio\build\bootloader\bootloader\system.o
 .debug_loc     0x00000edd      0x110 .pio\build\bootloader\bootloader\uart.o
 .debug_loc     0x00000fed      0x2f0 .pio\build\bootloader\libFrameworkLibOpenCM3.a(flash_common_f24.o)
 .debug_loc     0x000012dd       0xa5 .pio\build\bootloader\libFrameworkLibOpenCM3.a(gpio_common_all.o)
 .debug_loc     0x00001382      0x18a .pio\build\bootloader\libFrameworkLibOpenCM3.a(gpio_common_f0234.o)
 .debug_loc     0x0000150c      0x19d .pio\build\bootloader\libFrameworkLibOpenCM3.a(rcc_common_all.o)
 .debug_loc     0x000016a9      0x452 .pio\build\bootloader\libFrameworkLibOpenCM3.a(timer_common_all.o)
 .debug_loc     0x00001afb      0x24a .pio\build\bootloader\libFrameworkLibOpenCM3.a(usart_common_all.o)
 .debug_loc     0x00001d45       0x63 .pio\build\bootloader\libFrameworkLibOpenCM3.a(usart_common_f124.o)
 .debug_loc     0x00001da8       0xc7 .pio\build\bootloader\libFrameworkLibOpenCM3.a(vector.o)
 .debug_loc     0x00001e6f       0x21 .pio\build\bootloader\libFrameworkLibOpenCM3.a(scb.o)
 .debug_loc     0x00001e90      0x142 .pio\build\bootloader\libFrameworkLibOpenCM3.a(nvic.o)
 .debug_loc     0x00001fd2      0x6a0 .pio\build\bootloader\libFrameworkLibOpenCM3.a(rcc.o)

.debug_aranges  0x00000000      0xa08
 .debug_aranges
                0x00000000       0x80 .pio\build\bootloader\bootloader\aes.o
 .debug_aranges
                0x00000080       0x28 .pio\build\bootloader\bootloader\bl-flash.o
 .debug_aranges
                0x000000a8       0x80 .pio\build\bootloader\bootloader\bootloader.o
 .debug_aranges
                0x00000128       0x58 .pio\build\bootloader\bootloader\comms.o
 .debug_aranges
                0x00000180       0x28 .pio\build\bootloader\bootloader\crc.o
 .debug_aranges
                0x000001a8       0x38 .pio\build\bootloader\bootloader\ring-buffer.o
 .debug_aranges
                0x000001e0       0x30 .pio\build\bootloader\bootloader\simple-timer.o
 .debug_aranges
                0x00000210       0x48 .pio\build\bootloader\bootloader\system.o
 .debug_aranges
                0x00000258       0x58 .pio\build\bootloader\bootloader\uart.o
 .debug_aranges
                0x000002b0       0x30 .pio\build\bootloader\libFrameworkLibOpenCM3.a(flash_common_f.o)
 .debug_aranges
                0x000002e0       0x78 .pio\build\bootloader\libFrameworkLibOpenCM3.a(flash_common_f24.o)
 .debug_aranges
                0x00000358       0x50 .pio\build\bootloader\libFrameworkLibOpenCM3.a(gpio_common_all.o)
 .debug_aranges
                0x000003a8       0x30 .pio\build\bootloader\libFrameworkLibOpenCM3.a(gpio_common_f0234.o)
 .debug_aranges
                0x000003d8       0x80 .pio\build\bootloader\libFrameworkLibOpenCM3.a(rcc_common_all.o)
 .debug_aranges
                0x00000458      0x278 .pio\build\bootloader\libFrameworkLibOpenCM3.a(timer_common_all.o)
 .debug_aranges
                0x000006d0       0xf0 .pio\build\bootloader\libFrameworkLibOpenCM3.a(usart_common_all.o)
 .debug_aranges
                0x000007c0       0x40 .pio\build\bootloader\libFrameworkLibOpenCM3.a(usart_common_f124.o)
 .debug_aranges
                0x00000800       0x38 .pio\build\bootloader\libFrameworkLibOpenCM3.a(vector.o)
 .debug_aranges
                0x00000838       0x30 .pio\build\bootloader\libFrameworkLibOpenCM3.a(scb.o)
 .debug_aranges
                0x00000868       0x60 .pio\build\bootloader\libFrameworkLibOpenCM3.a(nvic.o)
 .debug_aranges
                0x000008c8       0x30 .pio\build\bootloader\libFrameworkLibOpenCM3.a(flash.o)
 .debug_aranges
                0x000008f8      0x110 .pio\build\bootloader\libFrameworkLibOpenCM3.a(rcc.o)

.debug_ranges   0x00000000      0x9f8
 .debug_ranges  0x00000000       0xb8 .pio\build\bootloader\bootloader\aes.o
 .debug_ranges  0x000000b8       0x18 .pio\build\bootloader\bootloader\bl-flash.o
 .debug_ranges  0x000000d0       0xb8 .pio\build\bootloader\bootloader\bootloader.o
 .debug_ranges  0x00000188       0x78 .pio\build\bootloader\bootloader\comms.o
 .debug_ranges  0x00000200       0x78 .pio\build\bootloader\bootloader\crc.o
 .debug_ranges  0x00000278       0x28 .pio\build\bootloader\bootloader\ring-buffer.o
 .debug_ranges  0x000002a0       0x20 .pio\build\bootloader\bootloader\simple-timer.o
 .debug_ranges  0x000002c0       0x38 .pio\build\bootloader\bootloader\system.o
 .debug_ranges  0x000002f8       0x60 .pio\build\bootloader\bootloader\uart.o
 .debug_ranges  0x00000358       0x20 .pio\build\bootloader\libFrameworkLibOpenCM3.a(flash_common_f.o)
 .debug_ranges  0x00000378       0x68 .pio\build\bootloader\libFrameworkLibOpenCM3.a(flash_common_f24.o)
 .debug_ranges  0x000003e0       0x40 .pio\build\bootloader\libFrameworkLibOpenCM3.a(gpio_common_all.o)
 .debug_ranges  0x00000420       0x20 .pio\build\bootloader\libFrameworkLibOpenCM3.a(gpio_common_f0234.o)
 .debug_ranges  0x00000440       0x70 .pio\build\bootloader\libFrameworkLibOpenCM3.a(rcc_common_all.o)
 .debug_ranges  0x000004b0      0x268 .pio\build\bootloader\libFrameworkLibOpenCM3.a(timer_common_all.o)
 .debug_ranges  0x00000718       0xe0 .pio\build\bootloader\libFrameworkLibOpenCM3.a(usart_common_all.o)
 .debug_ranges  0x000007f8       0x30 .pio\build\bootloader\libFrameworkLibOpenCM3.a(usart_common_f124.o)
 .debug_ranges  0x00000828       0x28 .pio\build\bootloader\libFrameworkLibOpenCM3.a(vector.o)
 .debug_ranges  0x00000850       0x20 .pio\build\bootloader\libFrameworkLibOpenCM3.a(scb.o)
 .debug_ranges  0x00000870       0x50 .pio\build\bootloader\libFrameworkLibOpenCM3.a(nvic.o)
 .debug_ranges  0x000008c0       0x20 .pio\build\bootloader\libFrameworkLibOpenCM3.a(flash.o)
 .debug_ranges  0x000008e0      0x118 .pio\build\bootloader\libFrameworkLibOpenCM3.a(rcc.o)

.debug_line     0x00000000     0x413d
 .debug_line    0x00000000      0x40a .pio\build\bootloader\bootloader\aes.o
 .debug_line    0x0000040a      0x1c3 .pio\build\bootloader\bootloader\bl-flash.o
 .debug_line    0x000005cd      0x67e .pio\build\bootloader\bootloader\bootloader.o
 .debug_line    0x00000c4b      0x298 .pio\build\bootloader\bootloader\comms.o
 .debug_line    0x00000ee3      0x16e .pio\build\bootloader\bootloader\crc.o
 .debug_line    0x00001051      0x188 .pio\build\bootloader\bootloader\ring-buffer.o
 .debug_line    0x000011d9      0x17f .pio\build\bootloader\bootloader\simple-timer.o
 .debug_line    0x00001358      0x2cc .pio\build\bootloader\bootloader\system.o
 .debug_line    0x00001624      0x35b .pio\build\bootloader\bootloader\uart.o
 .debug_line    0x0000197f      0x182 .pio\build\bootloader\libFrameworkLibOpenCM3.a(flash_common_f.o)
 .debug_line    0x00001b01      0x30c .pio\build\bootloader\libFrameworkLibOpenCM3.a(flash_common_f24.o)
 .debug_line    0x00001e0d      0x1d0 .pio\build\bootloader\libFrameworkLibOpenCM3.a(gpio_common_all.o)
 .debug_line    0x00001fdd      0x1d5 .pio\build\bootloader\libFrameworkLibOpenCM3.a(gpio_common_f0234.o)
 .debug_line    0x000021b2      0x2a9 .pio\build\bootloader\libFrameworkLibOpenCM3.a(rcc_common_all.o)
 .debug_line    0x0000245b      0x8a2 .pio\build\bootloader\libFrameworkLibOpenCM3.a(timer_common_all.o)
 .debug_line    0x00002cfd      0x41d .pio\build\bootloader\libFrameworkLibOpenCM3.a(usart_common_all.o)
 .debug_line    0x0000311a      0x218 .pio\build\bootloader\libFrameworkLibOpenCM3.a(usart_common_f124.o)
 .debug_line    0x00003332      0x268 .pio\build\bootloader\libFrameworkLibOpenCM3.a(vector.o)
 .debug_line    0x0000359a      0x258 .pio\build\bootloader\libFrameworkLibOpenCM3.a(scb.o)
 .debug_line    0x000037f2      0x1e3 .pio\build\bootloader\libFrameworkLibOpenCM3.a(nvic.o)
 .debug_line    0x000039d5      0x200 .pio\build\bootloader\libFrameworkLibOpenCM3.a(flash.o)
 .debug_line    0x00003bd5      0x568 .pio\build\bootloader\libFrameworkLibOpenCM3.a(rcc.o)

.debug_str      0x00000000     0x33d0
 .debug_str     0x00000000      0x677 .pio\build\bootloader\bootloader\aes.o
                                0x715 (size before relaxing)
 .debug_str     0x00000677       0x91 .pio\build\bootloader\bootloader\bl-flash.o
                                0x243 (size before relaxing)
 .debug_str     0x00000708      0xd51 .pio\build\bootloader\bootloader\bootloader.o
                               0x13f7 (size before relaxing)
 .debug_str     0x00001459      0x11b .pio\build\bootloader\bootloader\comms.o
                                0x78c (size before relaxing)
 .debug_str     0x00001574       0x17 .pio\build\bootloader\bootloader\crc.o
                                0x1dc (size before relaxing)
 .debug_str     0x0000158b       0x91 .pio\build\bootloader\bootloader\ring-buffer.o
                                0x27f (size before relaxing)
 .debug_str     0x0000161c       0x37 .pio\build\bootloader\bootloader\simple-timer.o
                                0x250 (size before relaxing)
 .debug_str     0x00001653      0x372 .pio\build\bootloader\bootloader\system.o
                                0xe32 (size before relaxing)
 .debug_str     0x000019c5      0x17f .pio\build\bootloader\bootloader\uart.o
                                0xc08 (size before relaxing)
 .debug_str     0x00001b44       0x70 .pio\build\bootloader\libFrameworkLibOpenCM3.a(flash_common_f.o)
                                0x220 (size before relaxing)
 .debug_str     0x00001bb4      0x19d .pio\build\bootloader\libFrameworkLibOpenCM3.a(flash_common_f24.o)
                                0x3b1 (size before relaxing)
 .debug_str     0x00001d51       0xc6 .pio\build\bootloader\libFrameworkLibOpenCM3.a(gpio_common_all.o)
                                0x285 (size before relaxing)
 .debug_str     0x00001e17       0xa1 .pio\build\bootloader\libFrameworkLibOpenCM3.a(gpio_common_f0234.o)
                                0x2a7 (size before relaxing)
 .debug_str     0x00001eb8      0x197 .pio\build\bootloader\libFrameworkLibOpenCM3.a(rcc_common_all.o)
                                0xd7f (size before relaxing)
 .debug_str     0x0000204f      0xae0 .pio\build\bootloader\libFrameworkLibOpenCM3.a(timer_common_all.o)
                                0xeb8 (size before relaxing)
 .debug_str     0x00002b2f      0x24f .pio\build\bootloader\libFrameworkLibOpenCM3.a(usart_common_all.o)
                                0x661 (size before relaxing)
 .debug_str     0x00002d7e       0x5e .pio\build\bootloader\libFrameworkLibOpenCM3.a(usart_common_f124.o)
                                0x3cd (size before relaxing)
 .debug_str     0x00002ddc       0xf9 .pio\build\bootloader\libFrameworkLibOpenCM3.a(vector.o)
                                0x385 (size before relaxing)
 .debug_str     0x00002ed5       0x85 .pio\build\bootloader\libFrameworkLibOpenCM3.a(scb.o)
                                0x619 (size before relaxing)
 .debug_str     0x00002f5a       0xea .pio\build\bootloader\libFrameworkLibOpenCM3.a(nvic.o)
                                0x2d2 (size before relaxing)
 .debug_str     0x00003044       0x7f .pio\build\bootloader\libFrameworkLibOpenCM3.a(flash.o)
                                0x292 (size before relaxing)
 .debug_str     0x000030c3      0x30d .pio\build\bootloader\libFrameworkLibOpenCM3.a(rcc.o)
                                0xd0f (size before relaxing)

.comment        0x00000000       0x7e
 .comment       0x00000000       0x7e .pio\build\bootloader\bootloader\aes.o
                                 0x7f (size before relaxing)
 .comment       0x0000007e       0x7f .pio\build\bootloader\bootloader\bl-flash.o
 .comment       0x0000007e       0x7f .pio\build\bootloader\bootloader\bootloader.o
 .comment       0x0000007e       0x7f .pio\build\bootloader\bootloader\comms.o
 .comment       0x0000007e       0x7f .pio\build\bootloader\bootloader\crc.o
 .comment       0x0000007e       0x7f .pio\build\bootloader\bootloader\ring-buffer.o
 .comment       0x0000007e       0x7f .pio\build\bootloader\bootloader\simple-timer.o
 .comment       0x0000007e       0x7f .pio\build\bootloader\bootloader\system.o
 .comment       0x0000007e       0x7f .pio\build\bootloader\bootloader\uart.o
 .comment       0x0000007e       0x7f .pio\build\bootloader\libFrameworkLibOpenCM3.a(flash_common_f.o)
 .comment       0x0000007e       0x7f .pio\build\bootloader\libFrameworkLibOpenCM3.a(flash_common_f24.o)
 .comment       0x0000007e       0x7f .pio\build\bootloader\libFrameworkLibOpenCM3.a(gpio_common_all.o)
 .comment       0x0000007e       0x7f .pio\build\bootloader\libFrameworkLibOpenCM3.a(gpio_common_f0234.o)
 .comment       0x0000007e       0x7f .pio\build\bootloader\libFrameworkLibOpenCM3.a(rcc_common_all.o)
 .comment       0x0000007e       0x7f .pio\build\bootloader\libFrameworkLibOpenCM3.a(timer_common_all.o)
 .comment       0x0000007e       0x7f .pio\build\bootloader\libFrameworkLibOpenCM3.a(usart_common_all.o)
 .comment       0x0000007e       0x7f .pio\build\bootloader\libFrameworkLibOpenCM3.a(usart_common_f124.o)
 .comment       0x0000007e       0x7f .pio\build\bootloader\libFrameworkLibOpenCM3.a(vector.o)
 .comment       0x0000007e       0x7f .pio\build\bootloader\libFrameworkLibOpenCM3.a(scb.o)
 .comment       0x0000007e       0x7f .pio\build\bootloader\libFrameworkLibOpenCM3.a(nvic.o)
 .comment       0x0000007e       0x7f .pio\build\bootloader\libFrameworkLibOpenCM3.a(flash.o)
 .comment       0x0000007e       0x7f .pio\build\bootloader\libFrameworkLibOpenCM3.a(rcc.o)

.ARM.attributes
                0x00000000       0x39
 .ARM.attributes
                0x00000000       0x39 .pio\build\bootloader\bootloader\aes.o
 .ARM.attributes
                0x00000039       0x39 .pio\build\bootloader\bootloader\bl-flash.o
 .ARM.attributes
                0x00000072       0x39 .pio\build\bootloader\bootloader\bootloader.o
 .ARM.attributes
                0x000000ab       0x39 .pio\build\bootloader\bootloader\comms.o
 .ARM.attributes
                0x000000e4       0x39 .pio\build\bootloader\bootloader\crc.o
 .ARM.attributes
                0x0000011d       0x39 .pio\build\bootloader\bootloader\ring-buffer.o
 .ARM.attributes
                0x00000156       0x39 .pio\build\bootloader\bootloader\simple-timer.o
 .ARM.attributes
                0x0000018f       0x39 .pio\build\bootloader\bootloader\system.o
 .ARM.attributes
                0x000001c8       0x39 .pio\build\bootloader\bootloader\uart.o
 .ARM.attributes
                0x00000201       0x34 c:/users/nicol/.platformio/packages/toolchain-gccarmnoneeabi/bin/../lib/gcc/arm-none-eabi/7.2.1/../../../../arm-none-eabi/lib/thumb/v7e-m/fpv4-sp/hard\libc_nano.a(lib_a-memcmp.o)
 .ARM.attributes
                0x00000235       0x34 c:/users/nicol/.platformio/packages/toolchain-gccarmnoneeabi/bin/../lib/gcc/arm-none-eabi/7.2.1/../../../../arm-none-eabi/lib/thumb/v7e-m/fpv4-sp/hard\libc_nano.a(lib_a-memcpy-stub.o)
 .ARM.attributes
                0x00000269       0x34 c:/users/nicol/.platformio/packages/toolchain-gccarmnoneeabi/bin/../lib/gcc/arm-none-eabi/7.2.1/../../../../arm-none-eabi/lib/thumb/v7e-m/fpv4-sp/hard\libc_nano.a(lib_a-memset.o)
 .ARM.attributes
                0x0000029d       0x39 .pio\build\bootloader\libFrameworkLibOpenCM3.a(flash_common_f.o)
 .ARM.attributes
                0x000002d6       0x39 .pio\build\bootloader\libFrameworkLibOpenCM3.a(flash_common_f24.o)
 .ARM.attributes
                0x0000030f       0x39 .pio\build\bootloader\libFrameworkLibOpenCM3.a(gpio_common_all.o)
 .ARM.attributes
                0x00000348       0x39 .pio\build\bootloader\libFrameworkLibOpenCM3.a(gpio_common_f0234.o)
 .ARM.attributes
                0x00000381       0x39 .pio\build\bootloader\libFrameworkLibOpenCM3.a(rcc_common_all.o)
 .ARM.attributes
                0x000003ba       0x39 .pio\build\bootloader\libFrameworkLibOpenCM3.a(timer_common_all.o)
 .ARM.attributes
                0x000003f3       0x39 .pio\build\bootloader\libFrameworkLibOpenCM3.a(usart_common_all.o)
 .ARM.attributes
                0x0000042c       0x39 .pio\build\bootloader\libFrameworkLibOpenCM3.a(usart_common_f124.o)
 .ARM.attributes
                0x00000465       0x39 .pio\build\bootloader\libFrameworkLibOpenCM3.a(vector.o)
 .ARM.attributes
                0x0000049e       0x39 .pio\build\bootloader\libFrameworkLibOpenCM3.a(scb.o)
 .ARM.attributes
                0x000004d7       0x39 .pio\build\bootloader\libFrameworkLibOpenCM3.a(nvic.o)
 .ARM.attributes
                0x00000510       0x39 .pio\build\bootloader\libFrameworkLibOpenCM3.a(flash.o)
 .ARM.attributes
                0x00000549       0x39 .pio\build\bootloader\libFrameworkLibOpenCM3.a(rcc.o)

.debug_frame    0x00000000     0x1564
 .debug_frame   0x00000000      0x180 .pio\build\bootloader\bootloader\aes.o
 .debug_frame   0x00000180       0x44 .pio\build\bootloader\bootloader\bl-flash.o
 .debug_frame   0x000001c4      0x170 .pio\build\bootloader\bootloader\bootloader.o
 .debug_frame   0x00000334       0xd8 .pio\build\bootloader\bootloader\comms.o
 .debug_frame   0x0000040c       0x4c .pio\build\bootloader\bootloader\crc.o
 .debug_frame   0x00000458       0x60 .pio\build\bootloader\bootloader\ring-buffer.o
 .debug_frame   0x000004b8       0x6c .pio\build\bootloader\bootloader\simple-timer.o
 .debug_frame   0x00000524       0xa4 .pio\build\bootloader\bootloader\system.o
 .debug_frame   0x000005c8       0xe0 .pio\build\bootloader\bootloader\uart.o
 .debug_frame   0x000006a8       0x2c c:/users/nicol/.platformio/packages/toolchain-gccarmnoneeabi/bin/../lib/gcc/arm-none-eabi/7.2.1/../../../../arm-none-eabi/lib/thumb/v7e-m/fpv4-sp/hard\libc_nano.a(lib_a-memcmp.o)
 .debug_frame   0x000006d4       0x28 c:/users/nicol/.platformio/packages/toolchain-gccarmnoneeabi/bin/../lib/gcc/arm-none-eabi/7.2.1/../../../../arm-none-eabi/lib/thumb/v7e-m/fpv4-sp/hard\libc_nano.a(lib_a-memcpy-stub.o)
 .debug_frame   0x000006fc       0x20 c:/users/nicol/.platformio/packages/toolchain-gccarmnoneeabi/bin/../lib/gcc/arm-none-eabi/7.2.1/../../../../arm-none-eabi/lib/thumb/v7e-m/fpv4-sp/hard\libc_nano.a(lib_a-memset.o)
 .debug_frame   0x0000071c       0x40 .pio\build\bootloader\libFrameworkLibOpenCM3.a(flash_common_f.o)
 .debug_frame   0x0000075c      0x134 .pio\build\bootloader\libFrameworkLibOpenCM3.a(flash_common_f24.o)
 .debug_frame   0x00000890       0x88 .pio\build\bootloader\libFrameworkLibOpenCM3.a(gpio_common_all.o)
 .debug_frame   0x00000918       0x74 .pio\build\bootloader\libFrameworkLibOpenCM3.a(gpio_common_f0234.o)
 .debug_frame   0x0000098c       0xe0 .pio\build\bootloader\libFrameworkLibOpenCM3.a(rcc_common_all.o)
 .debug_frame   0x00000a6c      0x4e8 .pio\build\bootloader\libFrameworkLibOpenCM3.a(timer_common_all.o)
 .debug_frame   0x00000f54      0x1e0 .pio\build\bootloader\libFrameworkLibOpenCM3.a(usart_common_all.o)
 .debug_frame   0x00001134       0x60 .pio\build\bootloader\libFrameworkLibOpenCM3.a(usart_common_f124.o)
 .debug_frame   0x00001194       0x58 .pio\build\bootloader\libFrameworkLibOpenCM3.a(vector.o)
 .debug_frame   0x000011ec       0x40 .pio\build\bootloader\libFrameworkLibOpenCM3.a(scb.o)
 .debug_frame   0x0000122c       0xa0 .pio\build\bootloader\libFrameworkLibOpenCM3.a(nvic.o)
 .debug_frame   0x000012cc       0x48 .pio\build\bootloader\libFrameworkLibOpenCM3.a(flash.o)
 .debug_frame   0x00001314      0x250 .pio\build\bootloader\libFrameworkLibOpenCM3.a(rcc.o)
