Archive member included to satisfy reference by file (symbol)

.pio\build\firmware\libFrameworkLibOpenCM3.a(gpio_common_all.o)
                              .pio\build\firmware\src\gpio.o (gpio_clear)
.pio\build\firmware\libFrameworkLibOpenCM3.a(gpio_common_f0234.o)
                              .pio\build\firmware\src\gpio.o (gpio_mode_setup)
.pio\build\firmware\libFrameworkLibOpenCM3.a(rcc_common_all.o)
                              .pio\build\firmware\src\main.o (rcc_periph_clock_enable)
.pio\build\firmware\libFrameworkLibOpenCM3.a(rcc.o)
                              .pio\build\firmware\src\main.o (rcc_clock_setup_pll)
.pio\build\firmware\libFrameworkLibOpenCM3.a(timer_common_all.o)
                              .pio\build\firmware\src\system.o (timer_enable_irq)
.pio\build\firmware\libFrameworkLibOpenCM3.a(usart_common_all.o)
                              .pio\build\firmware\src\uart.o (usart_set_baudrate)
.pio\build\firmware\libFrameworkLibOpenCM3.a(usart_common_f124.o)
                              .pio\build\firmware\libFrameworkLibOpenCM3.a(usart_common_all.o) (usart_send)
.pio\build\firmware\libFrameworkLibOpenCM3.a(vector.o)
                              (reset_handler)
.pio\build\firmware\libFrameworkLibOpenCM3.a(nvic.o)
                              .pio\build\firmware\src\system.o (nvic_enable_irq)
.pio\build\firmware\libFrameworkLibOpenCM3.a(flash_common_all.o)
                              .pio\build\firmware\libFrameworkLibOpenCM3.a(rcc.o) (flash_set_ws)
.pio\build\firmware\libFrameworkLibOpenCM3.a(flash_common_idcache.o)
                              .pio\build\firmware\libFrameworkLibOpenCM3.a(rcc.o) (flash_dcache_enable)
.pio\build\firmware\libFrameworkLibOpenCM3.a(pwr.o)
                              .pio\build\firmware\libFrameworkLibOpenCM3.a(rcc.o) (pwr_set_vos_scale)

Discarded input sections

 .text          0x00000000        0x0 .pio\build\firmware\src\bootloader.o
 .data          0x00000000        0x0 .pio\build\firmware\src\bootloader.o
 .bss           0x00000000        0x0 .pio\build\firmware\src\bootloader.o
 .ARM.attributes
                0x00000000       0x25 .pio\build\firmware\src\bootloader.o
 .text          0x00000000        0x0 .pio\build\firmware\src\crc.o
 .data          0x00000000        0x0 .pio\build\firmware\src\crc.o
 .bss           0x00000000        0x0 .pio\build\firmware\src\crc.o
 .text.crc8     0x00000000       0x40 .pio\build\firmware\src\crc.o
 .text.crc32    0x00000000       0x2c .pio\build\firmware\src\crc.o
 .bss.x         0x00000000        0x4 .pio\build\firmware\src\crc.o
 .comment       0x00000000       0x7f .pio\build\firmware\src\crc.o
 .ARM.attributes
                0x00000000       0x39 .pio\build\firmware\src\crc.o
 .text          0x00000000        0x0 .pio\build\firmware\src\gpio.o
 .data          0x00000000        0x0 .pio\build\firmware\src\gpio.o
 .bss           0x00000000        0x0 .pio\build\firmware\src\gpio.o
 .text          0x00000000        0x0 .pio\build\firmware\src\info.o
 .data          0x00000000        0x0 .pio\build\firmware\src\info.o
 .bss           0x00000000        0x0 .pio\build\firmware\src\info.o
 .text          0x00000000        0x0 .pio\build\firmware\src\main.o
 .data          0x00000000        0x0 .pio\build\firmware\src\main.o
 .bss           0x00000000        0x0 .pio\build\firmware\src\main.o
 .text          0x00000000        0x0 .pio\build\firmware\src\ring-buffer.o
 .data          0x00000000        0x0 .pio\build\firmware\src\ring-buffer.o
 .bss           0x00000000        0x0 .pio\build\firmware\src\ring-buffer.o
 .text          0x00000000        0x0 .pio\build\firmware\src\system.o
 .data          0x00000000        0x0 .pio\build\firmware\src\system.o
 .bss           0x00000000        0x0 .pio\build\firmware\src\system.o
 .text.system_get_ticks
                0x00000000        0xc .pio\build\firmware\src\system.o
 .text.system_teardown
                0x00000000       0x20 .pio\build\firmware\src\system.o
 .text          0x00000000        0x0 .pio\build\firmware\src\timer.o
 .data          0x00000000        0x0 .pio\build\firmware\src\timer.o
 .bss           0x00000000        0x0 .pio\build\firmware\src\timer.o
 .text          0x00000000        0x0 .pio\build\firmware\src\uart.o
 .data          0x00000000        0x0 .pio\build\firmware\src\uart.o
 .bss           0x00000000        0x0 .pio\build\firmware\src\uart.o
 .text.uart_teardown
                0x00000000       0x2c .pio\build\firmware\src\uart.o
 .text.uart_write
                0x00000000       0x16 .pio\build\firmware\src\uart.o
 .text          0x00000000        0x0 .pio\build\firmware\libFrameworkLibOpenCM3.a(gpio_common_all.o)
 .data          0x00000000        0x0 .pio\build\firmware\libFrameworkLibOpenCM3.a(gpio_common_all.o)
 .bss           0x00000000        0x0 .pio\build\firmware\libFrameworkLibOpenCM3.a(gpio_common_all.o)
 .text.gpio_set
                0x00000000        0x4 .pio\build\firmware\libFrameworkLibOpenCM3.a(gpio_common_all.o)
 .text.gpio_get
                0x00000000        0x6 .pio\build\firmware\libFrameworkLibOpenCM3.a(gpio_common_all.o)
 .text.gpio_port_read
                0x00000000        0x6 .pio\build\firmware\libFrameworkLibOpenCM3.a(gpio_common_all.o)
 .text.gpio_port_write
                0x00000000        0x4 .pio\build\firmware\libFrameworkLibOpenCM3.a(gpio_common_all.o)
 .text.gpio_port_config_lock
                0x00000000       0x10 .pio\build\firmware\libFrameworkLibOpenCM3.a(gpio_common_all.o)
 .text          0x00000000        0x0 .pio\build\firmware\libFrameworkLibOpenCM3.a(gpio_common_f0234.o)
 .data          0x00000000        0x0 .pio\build\firmware\libFrameworkLibOpenCM3.a(gpio_common_f0234.o)
 .bss           0x00000000        0x0 .pio\build\firmware\libFrameworkLibOpenCM3.a(gpio_common_f0234.o)
 .text          0x00000000        0x0 .pio\build\firmware\libFrameworkLibOpenCM3.a(rcc_common_all.o)
 .data          0x00000000        0x0 .pio\build\firmware\libFrameworkLibOpenCM3.a(rcc_common_all.o)
 .bss           0x00000000        0x0 .pio\build\firmware\libFrameworkLibOpenCM3.a(rcc_common_all.o)
 .text.rcc_peripheral_enable_clock
                0x00000000        0x8 .pio\build\firmware\libFrameworkLibOpenCM3.a(rcc_common_all.o)
 .text.rcc_peripheral_disable_clock
                0x00000000        0xa .pio\build\firmware\libFrameworkLibOpenCM3.a(rcc_common_all.o)
 .text.rcc_peripheral_reset
                0x00000000        0x8 .pio\build\firmware\libFrameworkLibOpenCM3.a(rcc_common_all.o)
 .text.rcc_peripheral_clear_reset
                0x00000000        0xa .pio\build\firmware\libFrameworkLibOpenCM3.a(rcc_common_all.o)
 .text.rcc_periph_clock_disable
                0x00000000       0x1e .pio\build\firmware\libFrameworkLibOpenCM3.a(rcc_common_all.o)
 .text.rcc_periph_reset_hold
                0x00000000       0x1a .pio\build\firmware\libFrameworkLibOpenCM3.a(rcc_common_all.o)
 .text.rcc_periph_reset_release
                0x00000000       0x1e .pio\build\firmware\libFrameworkLibOpenCM3.a(rcc_common_all.o)
 .text.rcc_set_mco
                0x00000000       0x14 .pio\build\firmware\libFrameworkLibOpenCM3.a(rcc_common_all.o)
 .text.rcc_osc_bypass_enable
                0x00000000       0x28 .pio\build\firmware\libFrameworkLibOpenCM3.a(rcc_common_all.o)
 .text.rcc_osc_bypass_disable
                0x00000000       0x28 .pio\build\firmware\libFrameworkLibOpenCM3.a(rcc_common_all.o)
 .text.rcc_get_div_from_hpre
                0x00000000       0x1c .pio\build\firmware\libFrameworkLibOpenCM3.a(rcc_common_all.o)
 .text          0x00000000        0x0 .pio\build\firmware\libFrameworkLibOpenCM3.a(rcc.o)
 .data          0x00000000        0x0 .pio\build\firmware\libFrameworkLibOpenCM3.a(rcc.o)
 .bss           0x00000000        0x0 .pio\build\firmware\libFrameworkLibOpenCM3.a(rcc.o)
 .text.rcc_osc_ready_int_clear
                0x00000000       0x5c .pio\build\firmware\libFrameworkLibOpenCM3.a(rcc.o)
 .text.rcc_osc_ready_int_enable
                0x00000000       0x5c .pio\build\firmware\libFrameworkLibOpenCM3.a(rcc.o)
 .text.rcc_osc_ready_int_disable
                0x00000000       0x5c .pio\build\firmware\libFrameworkLibOpenCM3.a(rcc.o)
 .text.rcc_osc_ready_int_flag
                0x00000000       0x60 .pio\build\firmware\libFrameworkLibOpenCM3.a(rcc.o)
 .text.rcc_css_int_clear
                0x00000000       0x10 .pio\build\firmware\libFrameworkLibOpenCM3.a(rcc.o)
 .text.rcc_css_int_flag
                0x00000000       0x10 .pio\build\firmware\libFrameworkLibOpenCM3.a(rcc.o)
 .text.rcc_wait_for_sysclk_status
                0x00000000       0x38 .pio\build\firmware\libFrameworkLibOpenCM3.a(rcc.o)
 .text.rcc_css_enable
                0x00000000       0x10 .pio\build\firmware\libFrameworkLibOpenCM3.a(rcc.o)
 .text.rcc_css_disable
                0x00000000       0x10 .pio\build\firmware\libFrameworkLibOpenCM3.a(rcc.o)
 .text.rcc_plli2s_config
                0x00000000       0x1c .pio\build\firmware\libFrameworkLibOpenCM3.a(rcc.o)
 .text.rcc_pllsai_config
                0x00000000       0x2c .pio\build\firmware\libFrameworkLibOpenCM3.a(rcc.o)
 .text.rcc_pllsai_postscalers
                0x00000000       0x24 .pio\build\firmware\libFrameworkLibOpenCM3.a(rcc.o)
 .text.rcc_set_pll_source
                0x00000000       0x14 .pio\build\firmware\libFrameworkLibOpenCM3.a(rcc.o)
 .text.rcc_set_rtcpre
                0x00000000       0x14 .pio\build\firmware\libFrameworkLibOpenCM3.a(rcc.o)
 .text.rcc_system_clock_source
                0x00000000       0x10 .pio\build\firmware\libFrameworkLibOpenCM3.a(rcc.o)
 .text.rcc_clock_setup_hse_3v3
                0x00000000        0x4 .pio\build\firmware\libFrameworkLibOpenCM3.a(rcc.o)
 .text.rcc_get_timer_clk_freq
                0x00000000       0x34 .pio\build\firmware\libFrameworkLibOpenCM3.a(rcc.o)
 .text.rcc_get_i2c_clk_freq
                0x00000000        0xc .pio\build\firmware\libFrameworkLibOpenCM3.a(rcc.o)
 .text.rcc_get_spi_clk_freq
                0x00000000       0x20 .pio\build\firmware\libFrameworkLibOpenCM3.a(rcc.o)
 .rodata.rcc_hse_12mhz_3v3
                0x00000000       0x70 .pio\build\firmware\libFrameworkLibOpenCM3.a(rcc.o)
 .rodata.rcc_hse_16mhz_3v3
                0x00000000       0x70 .pio\build\firmware\libFrameworkLibOpenCM3.a(rcc.o)
 .rodata.rcc_hse_25mhz_3v3
                0x00000000       0x70 .pio\build\firmware\libFrameworkLibOpenCM3.a(rcc.o)
 .rodata.rcc_hse_8mhz_3v3
                0x00000000       0x70 .pio\build\firmware\libFrameworkLibOpenCM3.a(rcc.o)
 .text          0x00000000        0x0 .pio\build\firmware\libFrameworkLibOpenCM3.a(timer_common_all.o)
 .data          0x00000000        0x0 .pio\build\firmware\libFrameworkLibOpenCM3.a(timer_common_all.o)
 .bss           0x00000000        0x0 .pio\build\firmware\libFrameworkLibOpenCM3.a(timer_common_all.o)
 .text.timer_disable_irq
                0x00000000        0xa .pio\build\firmware\libFrameworkLibOpenCM3.a(timer_common_all.o)
 .text.timer_interrupt_source
                0x00000000       0x14 .pio\build\firmware\libFrameworkLibOpenCM3.a(timer_common_all.o)
 .text.timer_set_mode
                0x00000000       0x12 .pio\build\firmware\libFrameworkLibOpenCM3.a(timer_common_all.o)
 .text.timer_set_clock_division
                0x00000000       0x14 .pio\build\firmware\libFrameworkLibOpenCM3.a(timer_common_all.o)
 .text.timer_enable_preload
                0x00000000        0xa .pio\build\firmware\libFrameworkLibOpenCM3.a(timer_common_all.o)
 .text.timer_set_alignment
                0x00000000       0x14 .pio\build\firmware\libFrameworkLibOpenCM3.a(timer_common_all.o)
 .text.timer_direction_up
                0x00000000        0xa .pio\build\firmware\libFrameworkLibOpenCM3.a(timer_common_all.o)
 .text.timer_direction_down
                0x00000000        0xa .pio\build\firmware\libFrameworkLibOpenCM3.a(timer_common_all.o)
 .text.timer_one_shot_mode
                0x00000000        0xa .pio\build\firmware\libFrameworkLibOpenCM3.a(timer_common_all.o)
 .text.timer_update_on_any
                0x00000000        0xa .pio\build\firmware\libFrameworkLibOpenCM3.a(timer_common_all.o)
 .text.timer_update_on_overflow
                0x00000000        0xa .pio\build\firmware\libFrameworkLibOpenCM3.a(timer_common_all.o)
 .text.timer_enable_update_event
                0x00000000        0xa .pio\build\firmware\libFrameworkLibOpenCM3.a(timer_common_all.o)
 .text.timer_disable_update_event
                0x00000000        0xa .pio\build\firmware\libFrameworkLibOpenCM3.a(timer_common_all.o)
 .text.timer_disable_counter
                0x00000000        0xa .pio\build\firmware\libFrameworkLibOpenCM3.a(timer_common_all.o)
 .text.timer_set_output_idle_state
                0x00000000        0xc .pio\build\firmware\libFrameworkLibOpenCM3.a(timer_common_all.o)
 .text.timer_reset_output_idle_state
                0x00000000        0xe .pio\build\firmware\libFrameworkLibOpenCM3.a(timer_common_all.o)
 .text.timer_set_ti1_ch123_xor
                0x00000000        0xa .pio\build\firmware\libFrameworkLibOpenCM3.a(timer_common_all.o)
 .text.timer_set_ti1_ch1
                0x00000000        0xa .pio\build\firmware\libFrameworkLibOpenCM3.a(timer_common_all.o)
 .text.timer_set_master_mode
                0x00000000       0x10 .pio\build\firmware\libFrameworkLibOpenCM3.a(timer_common_all.o)
 .text.timer_set_dma_on_compare_event
                0x00000000        0xa .pio\build\firmware\libFrameworkLibOpenCM3.a(timer_common_all.o)
 .text.timer_set_dma_on_update_event
                0x00000000        0xa .pio\build\firmware\libFrameworkLibOpenCM3.a(timer_common_all.o)
 .text.timer_enable_compare_control_update_on_trigger
                0x00000000        0xa .pio\build\firmware\libFrameworkLibOpenCM3.a(timer_common_all.o)
 .text.timer_disable_compare_control_update_on_trigger
                0x00000000        0xa .pio\build\firmware\libFrameworkLibOpenCM3.a(timer_common_all.o)
 .text.timer_enable_preload_complementry_enable_bits
                0x00000000        0xa .pio\build\firmware\libFrameworkLibOpenCM3.a(timer_common_all.o)
 .text.timer_disable_preload_complementry_enable_bits
                0x00000000        0xa .pio\build\firmware\libFrameworkLibOpenCM3.a(timer_common_all.o)
 .text.timer_set_repetition_counter
                0x00000000        0x4 .pio\build\firmware\libFrameworkLibOpenCM3.a(timer_common_all.o)
 .text.timer_enable_oc_clear
                0x00000000       0x34 .pio\build\firmware\libFrameworkLibOpenCM3.a(timer_common_all.o)
 .text.timer_disable_oc_clear
                0x00000000       0x34 .pio\build\firmware\libFrameworkLibOpenCM3.a(timer_common_all.o)
 .text.timer_set_oc_fast_mode
                0x00000000       0x34 .pio\build\firmware\libFrameworkLibOpenCM3.a(timer_common_all.o)
 .text.timer_set_oc_slow_mode
                0x00000000       0x34 .pio\build\firmware\libFrameworkLibOpenCM3.a(timer_common_all.o)
 .text.timer_set_oc_mode
                0x00000000      0x18c .pio\build\firmware\libFrameworkLibOpenCM3.a(timer_common_all.o)
 .text.timer_enable_oc_preload
                0x00000000       0x34 .pio\build\firmware\libFrameworkLibOpenCM3.a(timer_common_all.o)
 .text.timer_disable_oc_preload
                0x00000000       0x34 .pio\build\firmware\libFrameworkLibOpenCM3.a(timer_common_all.o)
 .text.timer_set_oc_polarity_high
                0x00000000       0x4a .pio\build\firmware\libFrameworkLibOpenCM3.a(timer_common_all.o)
 .text.timer_set_oc_polarity_low
                0x00000000       0x4a .pio\build\firmware\libFrameworkLibOpenCM3.a(timer_common_all.o)
 .text.timer_enable_oc_output
                0x00000000       0x4a .pio\build\firmware\libFrameworkLibOpenCM3.a(timer_common_all.o)
 .text.timer_disable_oc_output
                0x00000000       0x4a .pio\build\firmware\libFrameworkLibOpenCM3.a(timer_common_all.o)
 .text.timer_set_oc_idle_state_set
                0x00000000       0x4a .pio\build\firmware\libFrameworkLibOpenCM3.a(timer_common_all.o)
 .text.timer_set_oc_idle_state_unset
                0x00000000       0x4a .pio\build\firmware\libFrameworkLibOpenCM3.a(timer_common_all.o)
 .text.timer_enable_break_main_output
                0x00000000        0xa .pio\build\firmware\libFrameworkLibOpenCM3.a(timer_common_all.o)
 .text.timer_disable_break_main_output
                0x00000000        0xa .pio\build\firmware\libFrameworkLibOpenCM3.a(timer_common_all.o)
 .text.timer_enable_break_automatic_output
                0x00000000        0xa .pio\build\firmware\libFrameworkLibOpenCM3.a(timer_common_all.o)
 .text.timer_disable_break_automatic_output
                0x00000000        0xa .pio\build\firmware\libFrameworkLibOpenCM3.a(timer_common_all.o)
 .text.timer_set_break_polarity_high
                0x00000000        0xa .pio\build\firmware\libFrameworkLibOpenCM3.a(timer_common_all.o)
 .text.timer_set_break_polarity_low
                0x00000000        0xa .pio\build\firmware\libFrameworkLibOpenCM3.a(timer_common_all.o)
 .text.timer_enable_break
                0x00000000        0xa .pio\build\firmware\libFrameworkLibOpenCM3.a(timer_common_all.o)
 .text.timer_disable_break
                0x00000000        0xa .pio\build\firmware\libFrameworkLibOpenCM3.a(timer_common_all.o)
 .text.timer_set_enabled_off_state_in_run_mode
                0x00000000        0xa .pio\build\firmware\libFrameworkLibOpenCM3.a(timer_common_all.o)
 .text.timer_set_disabled_off_state_in_run_mode
                0x00000000        0xa .pio\build\firmware\libFrameworkLibOpenCM3.a(timer_common_all.o)
 .text.timer_set_enabled_off_state_in_idle_mode
                0x00000000        0xa .pio\build\firmware\libFrameworkLibOpenCM3.a(timer_common_all.o)
 .text.timer_set_disabled_off_state_in_idle_mode
                0x00000000        0xa .pio\build\firmware\libFrameworkLibOpenCM3.a(timer_common_all.o)
 .text.timer_set_break_lock
                0x00000000        0x8 .pio\build\firmware\libFrameworkLibOpenCM3.a(timer_common_all.o)
 .text.timer_set_deadtime
                0x00000000        0x4 .pio\build\firmware\libFrameworkLibOpenCM3.a(timer_common_all.o)
 .text.timer_generate_event
                0x00000000        0x8 .pio\build\firmware\libFrameworkLibOpenCM3.a(timer_common_all.o)
 .text.timer_set_counter
                0x00000000        0x4 .pio\build\firmware\libFrameworkLibOpenCM3.a(timer_common_all.o)
 .text.timer_ic_set_filter
                0x00000000       0x50 .pio\build\firmware\libFrameworkLibOpenCM3.a(timer_common_all.o)
 .text.timer_ic_set_prescaler
                0x00000000       0x50 .pio\build\firmware\libFrameworkLibOpenCM3.a(timer_common_all.o)
 .text.timer_ic_set_input
                0x00000000       0x66 .pio\build\firmware\libFrameworkLibOpenCM3.a(timer_common_all.o)
 .text.timer_ic_enable
                0x00000000        0xe .pio\build\firmware\libFrameworkLibOpenCM3.a(timer_common_all.o)
 .text.timer_ic_disable
                0x00000000       0x12 .pio\build\firmware\libFrameworkLibOpenCM3.a(timer_common_all.o)
 .text.timer_slave_set_filter
                0x00000000       0x12 .pio\build\firmware\libFrameworkLibOpenCM3.a(timer_common_all.o)
 .text.timer_slave_set_prescaler
                0x00000000       0x12 .pio\build\firmware\libFrameworkLibOpenCM3.a(timer_common_all.o)
 .text.timer_slave_set_polarity
                0x00000000       0x12 .pio\build\firmware\libFrameworkLibOpenCM3.a(timer_common_all.o)
 .text.timer_slave_set_mode
                0x00000000       0x10 .pio\build\firmware\libFrameworkLibOpenCM3.a(timer_common_all.o)
 .text.timer_slave_set_trigger
                0x00000000       0x10 .pio\build\firmware\libFrameworkLibOpenCM3.a(timer_common_all.o)
 .text.timer_slave_set_extclockmode2
                0x00000000       0x12 .pio\build\firmware\libFrameworkLibOpenCM3.a(timer_common_all.o)
 .text          0x00000000        0x0 .pio\build\firmware\libFrameworkLibOpenCM3.a(usart_common_all.o)
 .data          0x00000000        0x0 .pio\build\firmware\libFrameworkLibOpenCM3.a(usart_common_all.o)
 .bss           0x00000000        0x0 .pio\build\firmware\libFrameworkLibOpenCM3.a(usart_common_all.o)
 .text.usart_get_databits
                0x00000000        0xe .pio\build\firmware\libFrameworkLibOpenCM3.a(usart_common_all.o)
 .text.usart_get_stopbits
                0x00000000        0x8 .pio\build\firmware\libFrameworkLibOpenCM3.a(usart_common_all.o)
 .text.usart_get_parity
                0x00000000        0x8 .pio\build\firmware\libFrameworkLibOpenCM3.a(usart_common_all.o)
 .text.usart_disable
                0x00000000        0xa .pio\build\firmware\libFrameworkLibOpenCM3.a(usart_common_all.o)
 .text.usart_recv_blocking
                0x00000000       0x12 .pio\build\firmware\libFrameworkLibOpenCM3.a(usart_common_all.o)
 .text.usart_enable_rx_dma
                0x00000000        0xa .pio\build\firmware\libFrameworkLibOpenCM3.a(usart_common_all.o)
 .text.usart_disable_rx_dma
                0x00000000        0xa .pio\build\firmware\libFrameworkLibOpenCM3.a(usart_common_all.o)
 .text.usart_enable_tx_dma
                0x00000000        0xa .pio\build\firmware\libFrameworkLibOpenCM3.a(usart_common_all.o)
 .text.usart_disable_tx_dma
                0x00000000        0xa .pio\build\firmware\libFrameworkLibOpenCM3.a(usart_common_all.o)
 .text.usart_disable_rx_interrupt
                0x00000000        0xa .pio\build\firmware\libFrameworkLibOpenCM3.a(usart_common_all.o)
 .text.usart_enable_tx_interrupt
                0x00000000        0xa .pio\build\firmware\libFrameworkLibOpenCM3.a(usart_common_all.o)
 .text.usart_disable_tx_interrupt
                0x00000000        0xa .pio\build\firmware\libFrameworkLibOpenCM3.a(usart_common_all.o)
 .text.usart_enable_tx_complete_interrupt
                0x00000000        0xa .pio\build\firmware\libFrameworkLibOpenCM3.a(usart_common_all.o)
 .text.usart_disable_tx_complete_interrupt
                0x00000000        0xa .pio\build\firmware\libFrameworkLibOpenCM3.a(usart_common_all.o)
 .text.usart_enable_idle_interrupt
                0x00000000        0xa .pio\build\firmware\libFrameworkLibOpenCM3.a(usart_common_all.o)
 .text.usart_disable_idle_interrupt
                0x00000000        0xa .pio\build\firmware\libFrameworkLibOpenCM3.a(usart_common_all.o)
 .text.usart_enable_error_interrupt
                0x00000000        0xa .pio\build\firmware\libFrameworkLibOpenCM3.a(usart_common_all.o)
 .text.usart_disable_error_interrupt
                0x00000000        0xa .pio\build\firmware\libFrameworkLibOpenCM3.a(usart_common_all.o)
 .text          0x00000000        0x0 .pio\build\firmware\libFrameworkLibOpenCM3.a(usart_common_f124.o)
 .data          0x00000000        0x0 .pio\build\firmware\libFrameworkLibOpenCM3.a(usart_common_f124.o)
 .bss           0x00000000        0x0 .pio\build\firmware\libFrameworkLibOpenCM3.a(usart_common_f124.o)
 .text.usart_wait_recv_ready
                0x00000000        0x8 .pio\build\firmware\libFrameworkLibOpenCM3.a(usart_common_f124.o)
 .text          0x00000000        0x0 .pio\build\firmware\libFrameworkLibOpenCM3.a(vector.o)
 .data          0x00000000        0x0 .pio\build\firmware\libFrameworkLibOpenCM3.a(vector.o)
 .bss           0x00000000        0x0 .pio\build\firmware\libFrameworkLibOpenCM3.a(vector.o)
 .text          0x00000000        0x0 .pio\build\firmware\libFrameworkLibOpenCM3.a(nvic.o)
 .data          0x00000000        0x0 .pio\build\firmware\libFrameworkLibOpenCM3.a(nvic.o)
 .bss           0x00000000        0x0 .pio\build\firmware\libFrameworkLibOpenCM3.a(nvic.o)
 .text.nvic_disable_irq
                0x00000000       0x1c .pio\build\firmware\libFrameworkLibOpenCM3.a(nvic.o)
 .text.nvic_get_pending_irq
                0x00000000       0x24 .pio\build\firmware\libFrameworkLibOpenCM3.a(nvic.o)
 .text.nvic_set_pending_irq
                0x00000000       0x1c .pio\build\firmware\libFrameworkLibOpenCM3.a(nvic.o)
 .text.nvic_clear_pending_irq
                0x00000000       0x1c .pio\build\firmware\libFrameworkLibOpenCM3.a(nvic.o)
 .text.nvic_get_irq_enabled
                0x00000000       0x24 .pio\build\firmware\libFrameworkLibOpenCM3.a(nvic.o)
 .text.nvic_set_priority
                0x00000000       0x20 .pio\build\firmware\libFrameworkLibOpenCM3.a(nvic.o)
 .text.nvic_get_active_irq
                0x00000000       0x24 .pio\build\firmware\libFrameworkLibOpenCM3.a(nvic.o)
 .text.nvic_generate_software_interrupt
                0x00000000       0x14 .pio\build\firmware\libFrameworkLibOpenCM3.a(nvic.o)
 .text          0x00000000        0x0 .pio\build\firmware\libFrameworkLibOpenCM3.a(flash_common_all.o)
 .data          0x00000000        0x0 .pio\build\firmware\libFrameworkLibOpenCM3.a(flash_common_all.o)
 .bss           0x00000000        0x0 .pio\build\firmware\libFrameworkLibOpenCM3.a(flash_common_all.o)
 .text.flash_prefetch_enable
                0x00000000       0x10 .pio\build\firmware\libFrameworkLibOpenCM3.a(flash_common_all.o)
 .text.flash_prefetch_disable
                0x00000000       0x10 .pio\build\firmware\libFrameworkLibOpenCM3.a(flash_common_all.o)
 .text.flash_unlock_option_bytes
                0x00000000       0x18 .pio\build\firmware\libFrameworkLibOpenCM3.a(flash_common_all.o)
 .text          0x00000000        0x0 .pio\build\firmware\libFrameworkLibOpenCM3.a(flash_common_idcache.o)
 .data          0x00000000        0x0 .pio\build\firmware\libFrameworkLibOpenCM3.a(flash_common_idcache.o)
 .bss           0x00000000        0x0 .pio\build\firmware\libFrameworkLibOpenCM3.a(flash_common_idcache.o)
 .text.flash_dcache_reset
                0x00000000       0x10 .pio\build\firmware\libFrameworkLibOpenCM3.a(flash_common_idcache.o)
 .text.flash_icache_reset
                0x00000000       0x10 .pio\build\firmware\libFrameworkLibOpenCM3.a(flash_common_idcache.o)
 .text          0x00000000        0x0 .pio\build\firmware\libFrameworkLibOpenCM3.a(pwr.o)
 .data          0x00000000        0x0 .pio\build\firmware\libFrameworkLibOpenCM3.a(pwr.o)
 .bss           0x00000000        0x0 .pio\build\firmware\libFrameworkLibOpenCM3.a(pwr.o)

Memory Configuration

Name             Origin             Length             Attributes
ram              0x20000000         0x00020000         xrw
rom              0x08000000         0x00080000         xr
*default*        0x00000000         0xffffffff

Linker script and memory map

LOAD .pio\build\firmware\src\bootloader.o
LOAD .pio\build\firmware\src\crc.o
LOAD .pio\build\firmware\src\gpio.o
LOAD .pio\build\firmware\src\info.o
LOAD .pio\build\firmware\src\main.o
LOAD .pio\build\firmware\src\ring-buffer.o
LOAD .pio\build\firmware\src\system.o
LOAD .pio\build\firmware\src\timer.o
LOAD .pio\build\firmware\src\uart.o
START GROUP
LOAD c:/users/nicol/.platformio/packages/toolchain-gccarmnoneeabi/bin/../lib/gcc/arm-none-eabi/7.2.1/../../../../arm-none-eabi/lib/thumb/v7e-m/fpv4-sp/hard\libc_nano.a
LOAD c:/users/nicol/.platformio/packages/toolchain-gccarmnoneeabi/bin/../lib/gcc/arm-none-eabi/7.2.1/thumb/v7e-m/fpv4-sp/hard\libgcc.a
LOAD c:/users/nicol/.platformio/packages/toolchain-gccarmnoneeabi/bin/../lib/gcc/arm-none-eabi/7.2.1/../../../../arm-none-eabi/lib/thumb/v7e-m/fpv4-sp/hard\libm.a
LOAD c:/users/nicol/.platformio/packages/toolchain-gccarmnoneeabi/bin/../lib/gcc/arm-none-eabi/7.2.1/../../../../arm-none-eabi/lib/thumb/v7e-m/fpv4-sp/hard\libstdc++_nano.a
LOAD c:/users/nicol/.platformio/packages/toolchain-gccarmnoneeabi/bin/../lib/gcc/arm-none-eabi/7.2.1/../../../../arm-none-eabi/lib/thumb/v7e-m/fpv4-sp/hard\libnosys.a
LOAD .pio\build\firmware\libFrameworkLibOpenCM3.a
END GROUP
START GROUP
LOAD c:/users/nicol/.platformio/packages/toolchain-gccarmnoneeabi/bin/../lib/gcc/arm-none-eabi/7.2.1/thumb/v7e-m/fpv4-sp/hard\libgcc.a
LOAD c:/users/nicol/.platformio/packages/toolchain-gccarmnoneeabi/bin/../lib/gcc/arm-none-eabi/7.2.1/../../../../arm-none-eabi/lib/thumb/v7e-m/fpv4-sp/hard\libc_nano.a
END GROUP
START GROUP
LOAD c:/users/nicol/.platformio/packages/toolchain-gccarmnoneeabi/bin/../lib/gcc/arm-none-eabi/7.2.1/thumb/v7e-m/fpv4-sp/hard\libgcc.a
LOAD c:/users/nicol/.platformio/packages/toolchain-gccarmnoneeabi/bin/../lib/gcc/arm-none-eabi/7.2.1/../../../../arm-none-eabi/lib/thumb/v7e-m/fpv4-sp/hard\libc_nano.a
LOAD c:/users/nicol/.platformio/packages/toolchain-gccarmnoneeabi/bin/../lib/gcc/arm-none-eabi/7.2.1/../../../../arm-none-eabi/lib/thumb/v7e-m/fpv4-sp/hard\libnosys.a
END GROUP
START GROUP
LOAD c:/users/nicol/.platformio/packages/toolchain-gccarmnoneeabi/bin/../lib/gcc/arm-none-eabi/7.2.1/thumb/v7e-m/fpv4-sp/hard\libgcc.a
LOAD c:/users/nicol/.platformio/packages/toolchain-gccarmnoneeabi/bin/../lib/gcc/arm-none-eabi/7.2.1/../../../../arm-none-eabi/lib/thumb/v7e-m/fpv4-sp/hard\libc_nano.a
LOAD c:/users/nicol/.platformio/packages/toolchain-gccarmnoneeabi/bin/../lib/gcc/arm-none-eabi/7.2.1/../../../../arm-none-eabi/lib/thumb/v7e-m/fpv4-sp/hard\libnosys.a
END GROUP

.text           0x08000000     0x8c2c
 *(.bootloader_section)
 .bootloader_section
                0x08000000     0x8000 .pio\build\firmware\src\bootloader.o
 *(.vectors)
 .vectors       0x08008000      0x1ac .pio\build\firmware\libFrameworkLibOpenCM3.a(vector.o)
                0x08008000                vector_table
                0x080081b0                . = ALIGN (0x10)
 *fill*         0x080081ac        0x4 
 *(.firmware_info)
 .firmware_info
                0x080081b0       0x10 .pio\build\firmware\src\info.o
                0x080081b0                firmware_info
 *(.firmware_signature)
 .firmware_signature
                0x080081c0       0x10 .pio\build\firmware\src\info.o
                0x080081c0                firmware_signature
 *(.text*)
 .text.gpio_setup
                0x080081d0       0x68 .pio\build\firmware\src\gpio.o
                0x080081d0                gpio_setup
 .text.startup.main
                0x08008238       0x6c .pio\build\firmware\src\main.o
                0x08008238                main
 .text.ring_buffer_setup
                0x080082a4        0xe .pio\build\firmware\src\ring-buffer.o
                0x080082a4                ring_buffer_setup
 .text.ring_buffer_empty
                0x080082b2        0xc .pio\build\firmware\src\ring-buffer.o
                0x080082b2                ring_buffer_empty
 .text.ring_buffer_read
                0x080082be       0x1e .pio\build\firmware\src\ring-buffer.o
                0x080082be                ring_buffer_read
 .text.ring_buffer_write
                0x080082dc       0x1e .pio\build\firmware\src\ring-buffer.o
                0x080082dc                ring_buffer_write
 *fill*         0x080082fa        0x2 
 .text.tim3_isr
                0x080082fc       0x34 .pio\build\firmware\src\system.o
                0x080082fc                tim3_isr
 .text.tim3_setup
                0x08008330       0x3c .pio\build\firmware\src\system.o
                0x08008330                tim3_setup
 .text.system_setup
                0x0800836c        0x4 .pio\build\firmware\src\system.o
                0x0800836c                system_setup
 .text.system_delay
                0x08008370       0x28 .pio\build\firmware\src\system.o
                0x08008370                system_delay
 .text.tim2_isr
                0x08008398       0x44 .pio\build\firmware\src\timer.o
                0x08008398                tim2_isr
 .text.timer_setup
                0x080083dc       0x6c .pio\build\firmware\src\timer.o
                0x080083dc                timer_setup
 .text.usart2_isr
                0x08008448       0x48 .pio\build\firmware\src\uart.o
                0x08008448                usart2_isr
 .text.usart_setup
                0x08008490       0x64 .pio\build\firmware\src\uart.o
                0x08008490                usart_setup
 .text.uart_write_byte
                0x080084f4        0xc .pio\build\firmware\src\uart.o
                0x080084f4                uart_write_byte
 .text.uart_read
                0x08008500       0x28 .pio\build\firmware\src\uart.o
                0x08008500                uart_read
 .text.uart_read_byte
                0x08008528       0x1a .pio\build\firmware\src\uart.o
                0x08008528                uart_read_byte
 *fill*         0x08008542        0x2 
 .text.uart_data_available
                0x08008544       0x14 .pio\build\firmware\src\uart.o
                0x08008544                uart_data_available
 .text.gpio_clear
                0x08008558        0x6 .pio\build\firmware\libFrameworkLibOpenCM3.a(gpio_common_all.o)
                0x08008558                gpio_clear
 .text.gpio_toggle
                0x0800855e       0x12 .pio\build\firmware\libFrameworkLibOpenCM3.a(gpio_common_all.o)
                0x0800855e                gpio_toggle
 .text.gpio_mode_setup
                0x08008570       0x44 .pio\build\firmware\libFrameworkLibOpenCM3.a(gpio_common_f0234.o)
                0x08008570                gpio_mode_setup
 .text.gpio_set_output_options
                0x080085b4       0x36 .pio\build\firmware\libFrameworkLibOpenCM3.a(gpio_common_f0234.o)
                0x080085b4                gpio_set_output_options
 .text.gpio_set_af
                0x080085ea       0x58 .pio\build\firmware\libFrameworkLibOpenCM3.a(gpio_common_f0234.o)
                0x080085ea                gpio_set_af
 .text.rcc_periph_clock_enable
                0x08008642       0x1a .pio\build\firmware\libFrameworkLibOpenCM3.a(rcc_common_all.o)
                0x08008642                rcc_periph_clock_enable
 .text.rcc_periph_reset_pulse
                0x0800865c       0x22 .pio\build\firmware\libFrameworkLibOpenCM3.a(rcc_common_all.o)
                0x0800865c                rcc_periph_reset_pulse
 *fill*         0x0800867e        0x2 
 .text.rcc_is_osc_ready
                0x08008680       0x5c .pio\build\firmware\libFrameworkLibOpenCM3.a(rcc.o)
                0x08008680                rcc_is_osc_ready
 .text.rcc_wait_for_osc_ready
                0x080086dc       0x10 .pio\build\firmware\libFrameworkLibOpenCM3.a(rcc.o)
                0x080086dc                rcc_wait_for_osc_ready
 .text.rcc_osc_on
                0x080086ec       0x58 .pio\build\firmware\libFrameworkLibOpenCM3.a(rcc.o)
                0x080086ec                rcc_osc_on
 .text.rcc_osc_off
                0x08008744       0x58 .pio\build\firmware\libFrameworkLibOpenCM3.a(rcc.o)
                0x08008744                rcc_osc_off
 .text.rcc_set_sysclk_source
                0x0800879c       0x14 .pio\build\firmware\libFrameworkLibOpenCM3.a(rcc.o)
                0x0800879c                rcc_set_sysclk_source
 .text.rcc_set_ppre2
                0x080087b0       0x14 .pio\build\firmware\libFrameworkLibOpenCM3.a(rcc.o)
                0x080087b0                rcc_set_ppre2
 .text.rcc_set_ppre1
                0x080087c4       0x14 .pio\build\firmware\libFrameworkLibOpenCM3.a(rcc.o)
                0x080087c4                rcc_set_ppre1
 .text.rcc_set_hpre
                0x080087d8       0x14 .pio\build\firmware\libFrameworkLibOpenCM3.a(rcc.o)
                0x080087d8                rcc_set_hpre
 .text.rcc_set_main_pll_hsi
                0x080087ec       0x44 .pio\build\firmware\libFrameworkLibOpenCM3.a(rcc.o)
                0x080087ec                rcc_set_main_pll_hsi
 .text.rcc_set_main_pll_hse
                0x08008830       0x44 .pio\build\firmware\libFrameworkLibOpenCM3.a(rcc.o)
                0x08008830                rcc_set_main_pll_hse
 .text.rcc_clock_setup_pll
                0x08008874       0xf4 .pio\build\firmware\libFrameworkLibOpenCM3.a(rcc.o)
                0x08008874                rcc_clock_setup_pll
 .text.rcc_get_usart_clk_freq
                0x08008968       0x20 .pio\build\firmware\libFrameworkLibOpenCM3.a(rcc.o)
                0x08008968                rcc_get_usart_clk_freq
 .text.timer_enable_irq
                0x08008988        0x8 .pio\build\firmware\libFrameworkLibOpenCM3.a(timer_common_all.o)
                0x08008988                timer_enable_irq
 .text.timer_get_flag
                0x08008990        0xc .pio\build\firmware\libFrameworkLibOpenCM3.a(timer_common_all.o)
                0x08008990                timer_get_flag
 .text.timer_clear_flag
                0x0800899c        0x6 .pio\build\firmware\libFrameworkLibOpenCM3.a(timer_common_all.o)
                0x0800899c                timer_clear_flag
 .text.timer_disable_preload
                0x080089a2        0xa .pio\build\firmware\libFrameworkLibOpenCM3.a(timer_common_all.o)
                0x080089a2                timer_disable_preload
 .text.timer_continuous_mode
                0x080089ac        0xa .pio\build\firmware\libFrameworkLibOpenCM3.a(timer_common_all.o)
                0x080089ac                timer_continuous_mode
 .text.timer_enable_counter
                0x080089b6        0xa .pio\build\firmware\libFrameworkLibOpenCM3.a(timer_common_all.o)
                0x080089b6                timer_enable_counter
 .text.timer_set_prescaler
                0x080089c0        0x4 .pio\build\firmware\libFrameworkLibOpenCM3.a(timer_common_all.o)
                0x080089c0                timer_set_prescaler
 .text.timer_set_period
                0x080089c4        0x4 .pio\build\firmware\libFrameworkLibOpenCM3.a(timer_common_all.o)
                0x080089c4                timer_set_period
 .text.timer_set_oc_value
                0x080089c8       0x20 .pio\build\firmware\libFrameworkLibOpenCM3.a(timer_common_all.o)
                0x080089c8                timer_set_oc_value
 .text.timer_get_counter
                0x080089e8        0x4 .pio\build\firmware\libFrameworkLibOpenCM3.a(timer_common_all.o)
                0x080089e8                timer_get_counter
 .text.usart_set_baudrate
                0x080089ec       0x16 .pio\build\firmware\libFrameworkLibOpenCM3.a(usart_common_all.o)
                0x080089ec                usart_set_baudrate
 .text.usart_set_databits
                0x08008a02       0x12 .pio\build\firmware\libFrameworkLibOpenCM3.a(usart_common_all.o)
                0x08008a02                usart_set_databits
 .text.usart_set_stopbits
                0x08008a14        0xc .pio\build\firmware\libFrameworkLibOpenCM3.a(usart_common_all.o)
                0x08008a14                usart_set_stopbits
 .text.usart_set_parity
                0x08008a20        0xc .pio\build\firmware\libFrameworkLibOpenCM3.a(usart_common_all.o)
                0x08008a20                usart_set_parity
 .text.usart_set_mode
                0x08008a2c        0xc .pio\build\firmware\libFrameworkLibOpenCM3.a(usart_common_all.o)
                0x08008a2c                usart_set_mode
 .text.usart_set_flow_control
                0x08008a38        0xc .pio\build\firmware\libFrameworkLibOpenCM3.a(usart_common_all.o)
                0x08008a38                usart_set_flow_control
 .text.usart_enable
                0x08008a44        0xa .pio\build\firmware\libFrameworkLibOpenCM3.a(usart_common_all.o)
                0x08008a44                usart_enable
 .text.usart_send_blocking
                0x08008a4e       0x16 .pio\build\firmware\libFrameworkLibOpenCM3.a(usart_common_all.o)
                0x08008a4e                usart_send_blocking
 .text.usart_enable_rx_interrupt
                0x08008a64        0xa .pio\build\firmware\libFrameworkLibOpenCM3.a(usart_common_all.o)
                0x08008a64                usart_enable_rx_interrupt
 .text.usart_send
                0x08008a6e        0x8 .pio\build\firmware\libFrameworkLibOpenCM3.a(usart_common_f124.o)
                0x08008a6e                usart_send
 .text.usart_recv
                0x08008a76        0x8 .pio\build\firmware\libFrameworkLibOpenCM3.a(usart_common_f124.o)
                0x08008a76                usart_recv
 .text.usart_wait_send_ready
                0x08008a7e        0x8 .pio\build\firmware\libFrameworkLibOpenCM3.a(usart_common_f124.o)
                0x08008a7e                usart_wait_send_ready
 .text.usart_get_flag
                0x08008a86        0xc .pio\build\firmware\libFrameworkLibOpenCM3.a(usart_common_f124.o)
                0x08008a86                usart_get_flag
 .text.blocking_handler
                0x08008a92        0x2 .pio\build\firmware\libFrameworkLibOpenCM3.a(vector.o)
                0x08008a92                dma2_stream1_isr
                0x08008a92                tim8_brk_tim12_isr
                0x08008a92                dma1_stream7_isr
                0x08008a92                usart3_isr
                0x08008a92                tim7_isr
                0x08008a92                dma2d_isr
                0x08008a92                uart8_isr
                0x08008a92                dma1_stream2_isr
                0x08008a92                otg_hs_isr
                0x08008a92                blocking_handler
                0x08008a92                tim5_isr
                0x08008a92                rtc_wkup_isr
                0x08008a92                otg_fs_isr
                0x08008a92                spi1_isr
                0x08008a92                i2c3_er_isr
                0x08008a92                exti2_isr
                0x08008a92                spi5_isr
                0x08008a92                usb_fs_wkup_isr
                0x08008a92                tamp_stamp_isr
                0x08008a92                can1_rx1_isr
                0x08008a92                dma2_stream0_isr
                0x08008a92                usart1_isr
                0x08008a92                i2c3_ev_isr
                0x08008a92                usage_fault_handler
                0x08008a92                can2_rx0_isr
                0x08008a92                dma1_stream6_isr
                0x08008a92                can2_rx1_isr
                0x08008a92                can1_sce_isr
                0x08008a92                tim1_cc_isr
                0x08008a92                can1_tx_isr
                0x08008a92                tim1_up_tim10_isr
                0x08008a92                sdio_isr
                0x08008a92                eth_isr
                0x08008a92                spi6_isr
                0x08008a92                dma2_stream5_isr
                0x08008a92                pvd_isr
                0x08008a92                can1_rx0_isr
                0x08008a92                rcc_isr
                0x08008a92                dma2_stream3_isr
                0x08008a92                flash_isr
                0x08008a92                uart4_isr
                0x08008a92                lcd_tft_isr
                0x08008a92                rtc_alarm_isr
                0x08008a92                exti15_10_isr
                0x08008a92                hash_rng_isr
                0x08008a92                tim1_trg_com_tim11_isr
                0x08008a92                hard_fault_handler
                0x08008a92                exti1_isr
                0x08008a92                i2c1_ev_isr
                0x08008a92                usart6_isr
                0x08008a92                spi2_isr
                0x08008a92                cryp_isr
                0x08008a92                nvic_wwdg_isr
                0x08008a92                dma1_stream1_isr
                0x08008a92                dma2_stream4_isr
                0x08008a92                exti3_isr
                0x08008a92                sai1_isr
                0x08008a92                fpu_isr
                0x08008a92                dma1_stream4_isr
                0x08008a92                i2c2_er_isr
                0x08008a92                i2c2_ev_isr
                0x08008a92                uart5_isr
                0x08008a92                dma2_stream6_isr
                0x08008a92                spi4_isr
                0x08008a92                adc_isr
                0x08008a92                dma2_stream7_isr
                0x08008a92                tim8_up_tim13_isr
                0x08008a92                fsmc_isr
                0x08008a92                exti4_isr
                0x08008a92                tim6_dac_isr
                0x08008a92                dma1_stream3_isr
                0x08008a92                tim8_trg_com_tim14_isr
                0x08008a92                mem_manage_handler
                0x08008a92                lcd_tft_err_isr
                0x08008a92                can2_tx_isr
                0x08008a92                exti9_5_isr
                0x08008a92                tim1_brk_tim9_isr
                0x08008a92                uart7_isr
                0x08008a92                can2_sce_isr
                0x08008a92                tim4_isr
                0x08008a92                otg_hs_wkup_isr
                0x08008a92                i2c1_er_isr
                0x08008a92                dma1_stream0_isr
                0x08008a92                tim8_cc_isr
                0x08008a92                dcmi_isr
                0x08008a92                dma2_stream2_isr
                0x08008a92                eth_wkup_isr
                0x08008a92                bus_fault_handler
                0x08008a92                otg_hs_ep1_out_isr
                0x08008a92                spi3_isr
                0x08008a92                dma1_stream5_isr
                0x08008a92                otg_hs_ep1_in_isr
                0x08008a92                exti0_isr
 .text.null_handler
                0x08008a94        0x2 .pio\build\firmware\libFrameworkLibOpenCM3.a(vector.o)
                0x08008a94                sv_call_handler
                0x08008a94                pend_sv_handler
                0x08008a94                debug_monitor_handler
                0x08008a94                sys_tick_handler
                0x08008a94                nmi_handler
                0x08008a94                null_handler
 *fill*         0x08008a96        0x2 
 .text.reset_handler
                0x08008a98       0x9c .pio\build\firmware\libFrameworkLibOpenCM3.a(vector.o)
                0x08008a98                reset_handler
 .text.nvic_enable_irq
                0x08008b34       0x1c .pio\build\firmware\libFrameworkLibOpenCM3.a(nvic.o)
                0x08008b34                nvic_enable_irq
 .text.flash_set_ws
                0x08008b50       0x14 .pio\build\firmware\libFrameworkLibOpenCM3.a(flash_common_all.o)
                0x08008b50                flash_set_ws
 .text.flash_dcache_enable
                0x08008b64       0x10 .pio\build\firmware\libFrameworkLibOpenCM3.a(flash_common_idcache.o)
                0x08008b64                flash_dcache_enable
 .text.flash_dcache_disable
                0x08008b74       0x10 .pio\build\firmware\libFrameworkLibOpenCM3.a(flash_common_idcache.o)
                0x08008b74                flash_dcache_disable
 .text.flash_icache_enable
                0x08008b84       0x10 .pio\build\firmware\libFrameworkLibOpenCM3.a(flash_common_idcache.o)
                0x08008b84                flash_icache_enable
 .text.flash_icache_disable
                0x08008b94       0x10 .pio\build\firmware\libFrameworkLibOpenCM3.a(flash_common_idcache.o)
                0x08008b94                flash_icache_disable
 .text.pwr_set_vos_scale
                0x08008ba4       0x18 .pio\build\firmware\libFrameworkLibOpenCM3.a(pwr.o)
                0x08008ba4                pwr_set_vos_scale
                0x08008bbc                . = ALIGN (0x4)
 *(.rodata*)
 .rodata.rcc_hsi_configs
                0x08008bbc       0x70 .pio\build\firmware\libFrameworkLibOpenCM3.a(rcc.o)
                0x08008bbc                rcc_hsi_configs
                0x08008c2c                . = ALIGN (0x4)

.glue_7         0x08008c2c        0x0
 .glue_7        0x08008c2c        0x0 linker stubs

.glue_7t        0x08008c2c        0x0
 .glue_7t       0x08008c2c        0x0 linker stubs

.vfp11_veneer   0x08008c2c        0x0
 .vfp11_veneer  0x08008c2c        0x0 linker stubs

.v4_bx          0x08008c2c        0x0
 .v4_bx         0x08008c2c        0x0 linker stubs

.iplt           0x08008c2c        0x0
 .iplt          0x08008c2c        0x0 .pio\build\firmware\src\gpio.o

.rel.dyn        0x08008c2c        0x0
 .rel.iplt      0x08008c2c        0x0 .pio\build\firmware\src\gpio.o

.preinit_array  0x08008c2c        0x0
                0x08008c2c                . = ALIGN (0x4)
                0x08008c2c                __preinit_array_start = .
 *(.preinit_array)
                0x08008c2c                __preinit_array_end = .

.init_array     0x08008c2c        0x0
                0x08008c2c                . = ALIGN (0x4)
                0x08008c2c                __init_array_start = .
 *(SORT_BY_NAME(.init_array.*))
 *(.init_array)
                0x08008c2c                __init_array_end = .

.fini_array     0x08008c2c        0x0
                0x08008c2c                . = ALIGN (0x4)
                0x08008c2c                __fini_array_start = .
 *(.fini_array)
 *(SORT_BY_NAME(.fini_array.*))
                0x08008c2c                __fini_array_end = .

.ARM.extab
 *(.ARM.extab*)

.ARM.exidx      0x08008c2c        0x0
                0x08008c2c                __exidx_start = .
 *(.ARM.exidx*)
                0x08008c2c                __exidx_end = .
                0x08008c2c                . = ALIGN (0x4)
                0x08008c2c                _etext = .

.noinit
 *(.noinit*)
                0x08008c2c                . = ALIGN (0x4)

.data           0x20000000        0xc load address 0x08008c2c
                0x20000000                _data = .
 *(.data*)
 .data.rcc_ahb_frequency
                0x20000000        0x4 .pio\build\firmware\libFrameworkLibOpenCM3.a(rcc.o)
                0x20000000                rcc_ahb_frequency
 .data.rcc_apb1_frequency
                0x20000004        0x4 .pio\build\firmware\libFrameworkLibOpenCM3.a(rcc.o)
                0x20000004                rcc_apb1_frequency
 .data.rcc_apb2_frequency
                0x20000008        0x4 .pio\build\firmware\libFrameworkLibOpenCM3.a(rcc.o)
                0x20000008                rcc_apb2_frequency
 *(.ramtext*)
                0x2000000c                . = ALIGN (0x4)
                0x2000000c                _edata = .
                0x08008c2c                _data_loadaddr = LOADADDR (.data)

.igot.plt       0x2000000c        0x0 load address 0x08008c38
 .igot.plt      0x2000000c        0x0 .pio\build\firmware\src\gpio.o

.bss            0x20000010       0x98 load address 0x08008c38
 *(.bss*)
 .bss.ticks     0x20000010        0x8 .pio\build\firmware\src\system.o
 .bss.data_buffer
                0x20000018       0x80 .pio\build\firmware\src\uart.o
 .bss.rb        0x20000098       0x10 .pio\build\firmware\src\uart.o
 *(COMMON)
                0x200000a8                . = ALIGN (0x4)
                0x200000a8                _ebss = .

/DISCARD/
 *(.eh_frame)
                0x200000a8                . = ALIGN (0x4)
                0x200000a8                end = .
                0x20020000                PROVIDE (_stack, (ORIGIN (ram) + LENGTH (ram)))
OUTPUT(.pio\build\firmware\firmware.elf elf32-littlearm)

.comment        0x00000000       0x7e
 .comment       0x00000000       0x7e .pio\build\firmware\src\gpio.o
                                 0x7f (size before relaxing)
 .comment       0x0000007e       0x7f .pio\build\firmware\src\info.o
 .comment       0x0000007e       0x7f .pio\build\firmware\src\main.o
 .comment       0x0000007e       0x7f .pio\build\firmware\src\ring-buffer.o
 .comment       0x0000007e       0x7f .pio\build\firmware\src\system.o
 .comment       0x0000007e       0x7f .pio\build\firmware\src\timer.o
 .comment       0x0000007e       0x7f .pio\build\firmware\src\uart.o
 .comment       0x0000007e       0x7f .pio\build\firmware\libFrameworkLibOpenCM3.a(gpio_common_all.o)
 .comment       0x0000007e       0x7f .pio\build\firmware\libFrameworkLibOpenCM3.a(gpio_common_f0234.o)
 .comment       0x0000007e       0x7f .pio\build\firmware\libFrameworkLibOpenCM3.a(rcc_common_all.o)
 .comment       0x0000007e       0x7f .pio\build\firmware\libFrameworkLibOpenCM3.a(rcc.o)
 .comment       0x0000007e       0x7f .pio\build\firmware\libFrameworkLibOpenCM3.a(timer_common_all.o)
 .comment       0x0000007e       0x7f .pio\build\firmware\libFrameworkLibOpenCM3.a(usart_common_all.o)
 .comment       0x0000007e       0x7f .pio\build\firmware\libFrameworkLibOpenCM3.a(usart_common_f124.o)
 .comment       0x0000007e       0x7f .pio\build\firmware\libFrameworkLibOpenCM3.a(vector.o)
 .comment       0x0000007e       0x7f .pio\build\firmware\libFrameworkLibOpenCM3.a(nvic.o)
 .comment       0x0000007e       0x7f .pio\build\firmware\libFrameworkLibOpenCM3.a(flash_common_all.o)
 .comment       0x0000007e       0x7f .pio\build\firmware\libFrameworkLibOpenCM3.a(flash_common_idcache.o)
 .comment       0x0000007e       0x7f .pio\build\firmware\libFrameworkLibOpenCM3.a(pwr.o)

.ARM.attributes
                0x00000000       0x35
 .ARM.attributes
                0x00000000       0x39 .pio\build\firmware\src\gpio.o
 .ARM.attributes
                0x00000039       0x39 .pio\build\firmware\src\info.o
 .ARM.attributes
                0x00000072       0x39 .pio\build\firmware\src\main.o
 .ARM.attributes
                0x000000ab       0x39 .pio\build\firmware\src\ring-buffer.o
 .ARM.attributes
                0x000000e4       0x39 .pio\build\firmware\src\system.o
 .ARM.attributes
                0x0000011d       0x39 .pio\build\firmware\src\timer.o
 .ARM.attributes
                0x00000156       0x39 .pio\build\firmware\src\uart.o
 .ARM.attributes
                0x0000018f       0x39 .pio\build\firmware\libFrameworkLibOpenCM3.a(gpio_common_all.o)
 .ARM.attributes
                0x000001c8       0x39 .pio\build\firmware\libFrameworkLibOpenCM3.a(gpio_common_f0234.o)
 .ARM.attributes
                0x00000201       0x39 .pio\build\firmware\libFrameworkLibOpenCM3.a(rcc_common_all.o)
 .ARM.attributes
                0x0000023a       0x39 .pio\build\firmware\libFrameworkLibOpenCM3.a(rcc.o)
 .ARM.attributes
                0x00000273       0x39 .pio\build\firmware\libFrameworkLibOpenCM3.a(timer_common_all.o)
 .ARM.attributes
                0x000002ac       0x39 .pio\build\firmware\libFrameworkLibOpenCM3.a(usart_common_all.o)
 .ARM.attributes
                0x000002e5       0x39 .pio\build\firmware\libFrameworkLibOpenCM3.a(usart_common_f124.o)
 .ARM.attributes
                0x0000031e       0x39 .pio\build\firmware\libFrameworkLibOpenCM3.a(vector.o)
 .ARM.attributes
                0x00000357       0x39 .pio\build\firmware\libFrameworkLibOpenCM3.a(nvic.o)
 .ARM.attributes
                0x00000390       0x39 .pio\build\firmware\libFrameworkLibOpenCM3.a(flash_common_all.o)
 .ARM.attributes
                0x000003c9       0x39 .pio\build\firmware\libFrameworkLibOpenCM3.a(flash_common_idcache.o)
 .ARM.attributes
                0x00000402       0x39 .pio\build\firmware\libFrameworkLibOpenCM3.a(pwr.o)
